Component: ARM Compiler 5.06 update 7 (build 960) Tool: armlink [4d3601]

==============================================================================

Section Cross References

    stm32f10x_it.o(i.HardFault_Handler) refers to printfa.o(i.__0printf) for __2printf
    stm32f10x_it.o(i.SysTick_Handler) refers to stm32f10x_it.o(.data) for .data
    main.o(i.Anchor_Array_Init) refers to main.o(.bss) for .bss
    main.o(i.Semaphore_Init) refers to lib.o(.data) for Semaphore
    main.o(i.Sum_Tag_Semaphore_request) refers to lib.o(.data) for SLAVE_TAG_START_INDEX
    main.o(i.Tag_Measure_Dis) refers to deca_device.o(i.dwt_setrxaftertxdelay) for dwt_setrxaftertxdelay
    main.o(i.Tag_Measure_Dis) refers to deca_device.o(i.dwt_setrxtimeout) for dwt_setrxtimeout
    main.o(i.Tag_Measure_Dis) refers to deca_device.o(i.dwt_writetxdata) for dwt_writetxdata
    main.o(i.Tag_Measure_Dis) refers to deca_device.o(i.dwt_writetxfctrl) for dwt_writetxfctrl
    main.o(i.Tag_Measure_Dis) refers to deca_device.o(i.dwt_starttx) for dwt_starttx
    main.o(i.Tag_Measure_Dis) refers to deca_device.o(i.dwt_read32bitoffsetreg) for dwt_read32bitoffsetreg
    main.o(i.Tag_Measure_Dis) refers to stm32f10x_gpio.o(i.GPIO_SetBits) for GPIO_SetBits
    main.o(i.Tag_Measure_Dis) refers to deca_device.o(i.dwt_rxenable) for dwt_rxenable
    main.o(i.Tag_Measure_Dis) refers to deca_device.o(i.dwt_write32bitoffsetreg) for dwt_write32bitoffsetreg
    main.o(i.Tag_Measure_Dis) refers to deca_device.o(i.dwt_readrxdata) for dwt_readrxdata
    main.o(i.Tag_Measure_Dis) refers to memcmp.o(.text) for memcmp
    main.o(i.Tag_Measure_Dis) refers to lib.o(i.get_tx_timestamp_u64) for get_tx_timestamp_u64
    main.o(i.Tag_Measure_Dis) refers to lib.o(i.get_rx_timestamp_u64) for get_rx_timestamp_u64
    main.o(i.Tag_Measure_Dis) refers to deca_device.o(i.dwt_setdelayedtrxtime) for dwt_setdelayedtrxtime
    main.o(i.Tag_Measure_Dis) refers to main.o(i.final_msg_set_ts) for final_msg_set_ts
    main.o(i.Tag_Measure_Dis) refers to ffltui.o(.text) for __aeabi_ui2f
    main.o(i.Tag_Measure_Dis) refers to fdiv.o(.text) for __aeabi_fdiv
    main.o(i.Tag_Measure_Dis) refers to fadd.o(.text) for __aeabi_fadd
    main.o(i.Tag_Measure_Dis) refers to fmul.o(.text) for __aeabi_fmul
    main.o(i.Tag_Measure_Dis) refers to ffixi.o(.text) for __aeabi_f2iz
    main.o(i.Tag_Measure_Dis) refers to main.o(i.distance_mange) for distance_mange
    main.o(i.Tag_Measure_Dis) refers to main.o(.data) for .data
    main.o(i.Tag_Measure_Dis) refers to lib.o(.data) for TAG_ID
    main.o(i.Tag_Measure_Dis) refers to main.o(.bss) for .bss
    main.o(i.distance_mange) refers to fflti.o(.text) for __aeabi_i2f
    main.o(i.distance_mange) refers to fdiv.o(.text) for __aeabi_fdiv
    main.o(i.distance_mange) refers to f2d.o(.text) for __aeabi_f2d
    main.o(i.distance_mange) refers to printfa.o(i.__0printf) for __2printf
    main.o(i.distance_mange) refers to main.o(.bss) for .bss
    main.o(i.dwt_dumpregisters) refers to deca_device.o(i.dwt_read32bitoffsetreg) for dwt_read32bitoffsetreg
    main.o(i.dwt_dumpregisters) refers to printfa.o(i.__0sprintf) for __2sprintf
    main.o(i.filter) refers to main.o(.bss) for .bss
    main.o(i.fputc) refers to stm32f10x_usart.o(i.USART_ClearFlag) for USART_ClearFlag
    main.o(i.fputc) refers to stm32f10x_usart.o(i.USART_SendData) for USART_SendData
    main.o(i.fputc) refers to stm32f10x_usart.o(i.USART_GetFlagStatus) for USART_GetFlagStatus
    main.o(i.main) refers to port.o(i.peripherals_init) for peripherals_init
    main.o(i.main) refers to main.o(i.usart0_init) for usart0_init
    main.o(i.main) refers to printfa.o(i.__0printf) for __2printf
    main.o(i.main) refers to port.o(i.reset_DW1000) for reset_DW1000
    main.o(i.main) refers to port.o(i.spi_set_rate_low) for spi_set_rate_low
    main.o(i.main) refers to deca_device.o(i.dwt_initialise) for dwt_initialise
    main.o(i.main) refers to port.o(i.spi_set_rate_high) for spi_set_rate_high
    main.o(i.main) refers to deca_device.o(i.dwt_configure) for dwt_configure
    main.o(i.main) refers to deca_device.o(i.dwt_setleds) for dwt_setleds
    main.o(i.main) refers to deca_device.o(i.dwt_setrxantennadelay) for dwt_setrxantennadelay
    main.o(i.main) refers to deca_device.o(i.dwt_settxantennadelay) for dwt_settxantennadelay
    main.o(i.main) refers to lcd_oled.o(i.OLED_ShowString) for OLED_ShowString
    main.o(i.main) refers to stm32_eval.o(i.FLASH_ReadMoreData) for FLASH_ReadMoreData
    main.o(i.main) refers to main.o(i.Anchor_Array_Init) for Anchor_Array_Init
    main.o(i.main) refers to lib.o(i.ANTHOR_MEASURE) for ANTHOR_MEASURE
    main.o(i.main) refers to stm32f10x_gpio.o(i.GPIO_SetBits) for GPIO_SetBits
    main.o(i.main) refers to deca_sleep.o(i.deca_sleep) for deca_sleep
    main.o(i.main) refers to stm32f10x_gpio.o(i.GPIO_ResetBits) for GPIO_ResetBits
    main.o(i.main) refers to deca_device.o(i.dwt_setrxaftertxdelay) for dwt_setrxaftertxdelay
[...]
    i.dwt_readtxtimestamp                    0x08003f88   Section        0  deca_device.o(i.dwt_readtxtimestamp)
    i.dwt_rxenable                           0x08003f94   Section        0  deca_device.o(i.dwt_rxenable)
    i.dwt_setGPIOdirection                   0x08003fe4   Section        0  deca_device.o(i.dwt_setGPIOdirection)
    i.dwt_setGPIOvalue                       0x08004006   Section        0  deca_device.o(i.dwt_setGPIOvalue)
    i.dwt_setleds                            0x08004028   Section        0  deca_device.o(i.dwt_setleds)
    i.dwt_setrxaftertxdelay                  0x080040e0   Section        0  deca_device.o(i.dwt_setrxaftertxdelay)
    i.dwt_setrxantennadelay                  0x08004102   Section        0  deca_device.o(i.dwt_setrxantennadelay)
    i.dwt_setrxtimeout                       0x08004110   Section        0  deca_device.o(i.dwt_setrxtimeout)
    i.dwt_settxantennadelay                  0x08004168   Section        0  deca_device.o(i.dwt_settxantennadelay)
    i.dwt_starttx                            0x08004174   Section        0  deca_device.o(i.dwt_starttx)
    i.dwt_syncrxbufptrs                      0x08004208   Section        0  deca_device.o(i.dwt_syncrxbufptrs)
    i.dwt_write16bitoffsetreg                0x0800423c   Section        0  deca_device.o(i.dwt_write16bitoffsetreg)
    i.dwt_write32bitoffsetreg                0x08004256   Section        0  deca_device.o(i.dwt_write32bitoffsetreg)
    i.dwt_writetodevice                      0x08004274   Section        0  deca_device.o(i.dwt_writetodevice)
    i.dwt_writetxdata                        0x080042b2   Section        0  deca_device.o(i.dwt_writetxdata)
    i.dwt_writetxfctrl                       0x080042d4   Section        0  deca_device.o(i.dwt_writetxfctrl)
    i.dwt_xtaltrim                           0x080042f0   Section        0  deca_device.o(i.dwt_xtaltrim)
    i.final_msg_get_ts                       0x08004320   Section        0  lib.o(i.final_msg_get_ts)
    final_msg_get_ts                         0x08004321   Thumb Code    26  lib.o(i.final_msg_get_ts)
    i.fputc                                  0x0800433c   Section        0  main.o(i.fputc)
    i.get_rx_timestamp_u64                   0x08004368   Section        0  lib.o(i.get_rx_timestamp_u64)
    i.get_tx_timestamp_u64                   0x0800438e   Section        0  lib.o(i.get_tx_timestamp_u64)
    i.hal_i2c1_read_data                     0x080043b4   Section        0  lcd_oled.o(i.hal_i2c1_read_data)
    i.hal_i2c1_send_data                     0x08004504   Section        0  lcd_oled.o(i.hal_i2c1_send_data)
    i.hal_i2c1_send_data1                    0x08004538   Section        0  lcd_oled.o(i.hal_i2c1_send_data1)
    i.main                                   0x080045e4   Section        0  main.o(i.main)
    i.peripherals_init                       0x0800498c   Section        0  port.o(i.peripherals_init)
    i.portGetTickCnt                         0x080049d4   Section        0  port.o(i.portGetTickCnt)
    i.pow                                    0x080049e0   Section        0  pow.o(i.pow)
    i.putc                                   0x080053b8   Section        0  putc.o(i.putc)
    i.putchar                                0x080053bc   Section        0  putchar.o(i.putchar)
    i.readfromspi_serial                     0x080053c8   Section        0  deca_spi.o(i.readfromspi_serial)
    i.reset_DW1000                           0x08005444   Section        0  port.o(i.reset_DW1000)
    i.spi_set_rate_high                      0x08005490   Section        0  port.o(i.spi_set_rate_high)
    i.spi_set_rate_low                       0x08005496   Section        0  port.o(i.spi_set_rate_low)
    i.sqrt                                   0x0800549c   Section        0  sqrt.o(i.sqrt)
    i.string_split                           0x080054e8   Section        0  stm32_eval.o(i.string_split)
    i.usart0_init                            0x08005504   Section        0  main.o(i.usart0_init)
    i.usartinit                              0x08005528   Section        0  port.o(i.usartinit)
    i.writetospi_serial                      0x08005554   Section        0  deca_spi.o(i.writetospi_serial)
    .constdata                               0x080055b8   Section        6  main.o(.constdata)
    .constdata                               0x080055c0   Section      176  stm32_eval.o(.constdata)
    .constdata                               0x08005670   Section     1520  lcd_oled.o(.constdata)
    .constdata                               0x08005c60   Section        8  deca_params_init.o(.constdata)
    .constdata                               0x08005c68   Section       24  deca_params_init.o(.constdata)
    .constdata                               0x08005c80   Section       30  deca_params_init.o(.constdata)
    .constdata                               0x08005c9e   Section        2  deca_params_init.o(.constdata)
    .constdata                               0x08005ca0   Section        8  deca_params_init.o(.constdata)
    .constdata                               0x08005ca8   Section        3  deca_params_init.o(.constdata)
    .constdata                               0x08005cac   Section       12  deca_params_init.o(.constdata)
    .constdata                               0x08005cb8   Section        4  deca_params_init.o(.constdata)
    .constdata                               0x08005cbc   Section       32  deca_params_init.o(.constdata)
    .constdata                               0x08005cdc   Section       50  deca_params_init.o(.constdata)
    .constdata                               0x08005d0e   Section      522  deca_range_tables.o(.constdata)
    .constdata                               0x08005f18   Section       80  asin.o(.constdata)
    pS                                       0x08005f18   Data          48  asin.o(.constdata)
    qS                                       0x08005f48   Data          32  asin.o(.constdata)
    .constdata                               0x08005f68   Section      136  pow.o(.constdata)
    bp                                       0x08005f68   Data          16  pow.o(.constdata)
    dp_h                                     0x08005f78   Data          16  pow.o(.constdata)
    dp_l                                     0x08005f88   Data          16  pow.o(.constdata)
    L                                        0x08005f98   Data          48  pow.o(.constdata)
    P                                        0x08005fc8   Data          40  pow.o(.constdata)
    .constdata                               0x08005ff0   Section        8  qnan.o(.constdata)
    .constdata                               0x08005ff8   Section      129  ctype_o.o(.constdata)
    .constdata                               0x0800607c   Section        4  ctype_o.o(.constdata)
    table                                    0x0800607c   Data           4  ctype_o.o(.constdata)
    .conststring                             0x08006080   Section      119  stm32_eval.o(.conststring)
    .data                                    0x20000000   Section        4  stm32f10x_it.o(.data)
    .data                                    0x20000008   Section      148  main.o(.data)
    frame_seq_nb                             0x20000008   Data           1  main.o(.data)
    status_reg                               0x2000000c   Data           4  main.o(.data)
    poll_tx_ts                               0x20000018   Data           8  main.o(.data)
    resp_rx_ts                               0x20000020   Data           8  main.o(.data)
    final_tx_ts                              0x20000028   Data           8  main.o(.data)
    config                                   0x20000030   Data          11  main.o(.data)
    distance_msg                             0x2000003b   Data          15  main.o(.data)
    tx_poll_msg                              0x2000004a   Data          12  main.o(.data)
    rx_resp_msg                              0x20000056   Data          15  main.o(.data)
    tx_final_msg                             0x20000065   Data          24  main.o(.data)
    angle_msg                                0x2000007d   Data          31  main.o(.data)
    .data                                    0x2000009c   Section       20  stm32f10x_rcc.o(.data)
    ADCPrescTable                            0x2000009c   Data           4  stm32f10x_rcc.o(.data)
    APBAHBPrescTable                         0x200000a0   Data          16  stm32f10x_rcc.o(.data)
    .data                                    0x200000b0   Section       20  system_stm32f10x.o(.data)
    .data                                    0x200000c4   Section      168  stm32_eval.o(.data)
    flag                                     0x200000c5   Data           1  stm32_eval.o(.data)
    index                                    0x200000c6   Data           2  stm32_eval.o(.data)
    tick                                     0x200000c8   Data           4  stm32_eval.o(.data)
    .data                                    0x2000016c   Section        6  stm32_eval.o(.data)
    .data                                    0x20000174   Section      452  lcd_oled.o(.data)
    .data                                    0x20000338   Section      229  lib.o(.data)
    frame_seq_nb                             0x20000338   Data           1  lib.o(.data)
    status_reg                               0x20000340   Data           4  lib.o(.data)
    tick                                     0x20000344   Data           4  lib.o(.data)
    poll_rx_ts                               0x20000348   Data           8  lib.o(.data)
    resp_tx_ts                               0x20000350   Data           8  lib.o(.data)
    final_rx_ts                              0x20000358   Data           8  lib.o(.data)
    tof                                      0x20000360   Data           8  lib.o(.data)
    distance                                 0x20000368   Data           8  lib.o(.data)
    config                                   0x20000370   Data          11  lib.o(.data)
    rx_poll_msg                              0x2000037b   Data          12  lib.o(.data)
    tx_resp_msg                              0x20000387   Data          15  lib.o(.data)
    rx_final_msg                             0x20000396   Data          24  lib.o(.data)
    distance_msg                             0x200003ae   Data          15  lib.o(.data)
    angle_msg                                0x200003bd   Data          31  lib.o(.data)
    Semaphore_Release                        0x200003dc   Data          13  lib.o(.data)
    Tag_Statistics                           0x200003e9   Data          13  lib.o(.data)
    Master_Release_Semaphore                 0x200003f6   Data          13  lib.o(.data)
    Tag_Statistics_response                  0x20000403   Data          13  lib.o(.data)
    Master_Release_Semaphore_comfirm         0x20000410   Data          13  lib.o(.data)
    .data                                    0x20000420   Section        4  stdout.o(.data)
    .data                                    0x20000424   Section        4  strtok.o(.data)
    state                                    0x20000424   Data           4  strtok.o(.data)
    .data                                    0x20000428   Section        4  errno.o(.data)
    _errno                                   0x20000428   Data           4  errno.o(.data)
    .bss                                     0x20000430   Section     1600  main.o(.bss)
    rx_buffer                                0x200004a8   Data          24  main.o(.bss)
    .bss                                     0x20000a70   Section      512  stm32_eval.o(.bss)
    cmdbuf                                   0x20000a70   Data         512  stm32_eval.o(.bss)
    .bss                                     0x20000c70   Section       16  port.o(.bss)
    .bss                                     0x20000c80   Section       60  deca_device.o(.bss)
    dw1000local                              0x20000c80   Data          60  deca_device.o(.bss)
    .bss                                     0x20000cbc   Section       24  lib.o(.bss)
    rx_buffer                                0x20000cbc   Data          24  lib.o(.bss)
    STACK                                    0x20000cd8   Section     1024  startup_stm32f10x_hd.o(STACK)

    Global Symbols

    Symbol Name                              Value     Ov Type        Size  Object(Section)

    BuildAttributes$$THM_ISAv4$P$D$K$B$S$PE$A:L22UL41UL21$X:L11$S22US41US21$IEEE1$IW$USESV6$~STKCKD$USESV7$~SHL$OTIME$ROPI$IEEEX$EBA8$MICROLIB$REQ8$PRES8$EABIv2 0x00000000   Number         0  anon$$obj.o ABSOLUTE
    __ARM_use_no_argv                        0x00000000   Number         0  main.o ABSOLUTE
    _printf_a                                0x00000000   Number         0  stubs.o ABSOLUTE
    _printf_c                                0x00000000   Number         0  stubs.o ABSOLUTE
    _printf_charcount                        0x00000000   Number         0  stubs.o ABSOLUTE
    _printf_d                                0x00000000   Number         0  stubs.o ABSOLUTE
    _printf_e                                0x00000000   Number         0  stubs.o ABSOLUTE
    _printf_f                                0x00000000   Number         0  stubs.o ABSOLUTE
    _printf_flags                            0x00000000   Number         0  stubs.o ABSOLUTE
    _printf_fp_dec                           0x00000000   Number         0  stubs.o ABSOLUTE
    _printf_fp_hex                           0x00000000   Number         0  stubs.o ABSOLUTE
    _printf_g                                0x00000000   Number         0  stubs.o ABSOLUTE
    _printf_i                                0x00000000   Number         0  stubs.o ABSOLUTE
    _printf_int_dec                          0x00000000   Number         0  stubs.o ABSOLUTE
    _printf_l                                0x00000000   Number         0  stubs.o ABSOLUTE
    _printf_lc                               0x00000000   Number         0  stubs.o ABSOLUTE
    _printf_ll                               0x00000000   Number         0  stubs.o ABSOLUTE
    _printf_lld                              0x00000000   Number         0  stubs.o ABSOLUTE
    _printf_lli                              0x00000000   Number         0  stubs.o ABSOLUTE
    _printf_llo                              0x00000000   Number         0  stubs.o ABSOLUTE
    _printf_llu                              0x00000000   Number         0  stubs.o ABSOLUTE
    _printf_llx                              0x00000000   Number         0  stubs.o ABSOLUTE
    _printf_longlong_dec                     0x00000000   Number         0  stubs.o ABSOLUTE
    _printf_longlong_hex                     0x00000000   Number         0  stubs.o ABSOLUTE
    _printf_longlong_oct                     0x00000000   Number         0  stubs.o ABSOLUTE
    _printf_ls                               0x00000000   Number         0  stubs.o ABSOLUTE
    _printf_mbtowc                           0x00000000   Number         0  stubs.o ABSOLUTE
    _printf_n                                0x00000000   Number         0  stubs.o ABSOLUTE
    _printf_o                                0x00000000   Number         0  stubs.o ABSOLUTE
    _printf_p                                0x00000000   Number         0  stubs.o ABSOLUTE
    _printf_percent                          0x00000000   Number         0  stubs.o ABSOLUTE
    _printf_pre_padding                      0x00000000   Number         0  stubs.o ABSOLUTE
    _printf_return_value                     0x00000000   Number         0  stubs.o ABSOLUTE
    _printf_s                                0x00000000   Number         0  stubs.o ABSOLUTE
    _printf_sizespec                         0x00000000   Number         0  stubs.o ABSOLUTE
    _printf_str                              0x00000000   Number         0  stubs.o ABSOLUTE
    _printf_truncate_signed                  0x00000000   Number         0  stubs.o ABSOLUTE
    _printf_truncate_unsigned                0x00000000   Number         0  stubs.o ABSOLUTE
    _printf_u                                0x00000000   Number         0  stubs.o ABSOLUTE
    _printf_wc                               0x00000000   Number         0  stubs.o ABSOLUTE
    _printf_wctomb                           0x00000000   Number         0  stubs.o ABSOLUTE
    _printf_widthprec                        0x00000000   Number         0  stubs.o ABSOLUTE
    _printf_x                                0x00000000   Number         0  stubs.o ABSOLUTE
    __arm_fini_                               - Undefined Weak Reference
    __cpp_initialize__aeabi_                  - Undefined Weak Reference
    __cxa_finalize                            - Undefined Weak Reference
    _clock_init                               - Undefined Weak Reference
    _microlib_exit                            - Undefined Weak Reference
    __Vectors_Size                           0x00000130   Number         0  startup_stm32f10x_hd.o ABSOLUTE
    __Vectors                                0x08000000   Data           4  startup_stm32f10x_hd.o(RESET)
    __Vectors_End                            0x08000130   Data           0  startup_stm32f10x_hd.o(RESET)
    __main                                   0x08000131   Thumb Code     0  entry.o(.ARM.Collect$$$$00000000)
    _main_stk                                0x08000131   Thumb Code     0  entry2.o(.ARM.Collect$$$$00000001)
    _main_scatterload                        0x08000135   Thumb Code     0  entry5.o(.ARM.Collect$$$$00000004)
    __main_after_scatterload                 0x08000139   Thumb Code     0  entry5.o(.ARM.Collect$$$$00000004)
    _main_clock                              0x08000139   Thumb Code     0  entry7b.o(.ARM.Collect$$$$00000008)
    _main_cpp_init                           0x08000139   Thumb Code     0  entry8b.o(.ARM.Collect$$$$0000000A)
    _main_init                               0x08000139   Thumb Code     0  entry9a.o(.ARM.Collect$$$$0000000B)
    __rt_lib_shutdown_fini                   0x08000141   Thumb Code     0  entry12b.o(.ARM.Collect$$$$0000000E)
    __rt_final_cpp                           0x08000145   Thumb Code     0  entry10a.o(.ARM.Collect$$$$0000000F)
    __rt_final_exit                          0x08000145   Thumb Code     0  entry11a.o(.ARM.Collect$$$$00000011)
    Reset_Handler                            0x08000149   Thumb Code     8  startup_stm32f10x_hd.o(.text)
    ADC1_2_IRQHandler                        0x08000163   Thumb Code     0  startup_stm32f10x_hd.o(.text)
    ADC3_IRQHandler                          0x08000163   Thumb Code     0  startup_stm32f10x_hd.o(.text)
    CAN1_RX1_IRQHandler                      0x08000163   Thumb Code     0  startup_stm32f10x_hd.o(.text)
    CAN1_SCE_IRQHandler                      0x08000163   Thumb Code     0  startup_stm32f10x_hd.o(.text)
    DMA1_Channel1_IRQHandler                 0x08000163   Thumb Code     0  startup_stm32f10x_hd.o(.text)
    DMA1_Channel2_IRQHandler                 0x08000163   Thumb Code     0  startup_stm32f10x_hd.o(.text)
    DMA1_Channel3_IRQHandler                 0x08000163   Thumb Code     0  startup_stm32f10x_hd.o(.text)
    DMA1_Channel4_IRQHandler                 0x08000163   Thumb Code     0  startup_stm32f10x_hd.o(.text)
    DMA1_Channel5_IRQHandler                 0x08000163   Thumb Code     0  startup_stm32f10x_hd.o(.text)
    DMA1_Channel6_IRQHandler                 0x08000163   Thumb Code     0  startup_stm32f10x_hd.o(.text)
    DMA1_Channel7_IRQHandler                 0x08000163   Thumb Code     0  startup_stm32f10x_hd.o(.text)
    DMA2_Channel1_IRQHandler                 0x08000163   Thumb Code     0  startup_stm32f10x_hd.o(.text)
    DMA2_Channel2_IRQHandler                 0x08000163   Thumb Code     0  startup_stm32f10x_hd.o(.text)
    DMA2_Channel3_IRQHandler                 0x08000163   Thumb Code     0  startup_stm32f10x_hd.o(.text)
    DMA2_Channel4_5_IRQHandler               0x08000163   Thumb Code     0  startup_stm32f10x_hd.o(.text)
    EXTI0_IRQHandler                         0x08000163   Thumb Code     0  startup_stm32f10x_hd.o(.text)
    EXTI15_10_IRQHandler                     0x08000163   Thumb Code     0  startup_stm32f10x_hd.o(.text)
    EXTI1_IRQHandler                         0x08000163   Thumb Code     0  startup_stm32f10x_hd.o(.text)
    EXTI2_IRQHandler                         0x08000163   Thumb Code     0  startup_stm32f10x_hd.o(.text)
    EXTI3_IRQHandler                         0x08000163   Thumb Code     0  startup_stm32f10x_hd.o(.text)
    EXTI4_IRQHandler                         0x08000163   Thumb Code     0  startup_stm32f10x_hd.o(.text)
    EXTI9_5_IRQHandler                       0x08000163   Thumb Code     0  startup_stm32f10x_hd.o(.text)
    FLASH_IRQHandler                         0x08000163   Thumb Code     0  startup_stm32f10x_hd.o(.text)
    FSMC_IRQHandler                          0x08000163   Thumb Code     0  startup_stm32f10x_hd.o(.text)
    I2C1_ER_IRQHandler                       0x08000163   Thumb Code     0  startup_stm32f10x_hd.o(.text)
    I2C1_EV_IRQHandler                       0x08000163   Thumb Code     0  startup_stm32f10x_hd.o(.text)
    I2C2_ER_IRQHandler                       0x08000163   Thumb Code     0  startup_stm32f10x_hd.o(.text)
    I2C2_EV_IRQHandler                       0x08000163   Thumb Code     0  startup_stm32f10x_hd.o(.text)
    PVD_IRQHandler                           0x08000163   Thumb Code     0  startup_stm32f10x_hd.o(.text)
    RCC_IRQHandler                           0x08000163   Thumb Code     0  startup_stm32f10x_hd.o(.text)
    RTCAlarm_IRQHandler                      0x08000163   Thumb Code     0  startup_stm32f10x_hd.o(.text)
    RTC_IRQHandler                           0x08000163   Thumb Code     0  startup_stm32f10x_hd.o(.text)
    SDIO_IRQHandler                          0x08000163   Thumb Code     0  startup_stm32f10x_hd.o(.text)
    SPI1_IRQHandler                          0x08000163   Thumb Code     0  startup_stm32f10x_hd.o(.text)
    SPI2_IRQHandler                          0x08000163   Thumb Code     0  startup_stm32f10x_hd.o(.text)
    SPI3_IRQHandler                          0x08000163   Thumb Code     0  startup_stm32f10x_hd.o(.text)
    TAMPER_IRQHandler                        0x08000163   Thumb Code     0  startup_stm32f10x_hd.o(.text)
    TIM1_BRK_IRQHandler                      0x08000163   Thumb Code     0  startup_stm32f10x_hd.o(.text)
    TIM1_CC_IRQHandler                       0x08000163   Thumb Code     0  startup_stm32f10x_hd.o(.text)
    TIM1_TRG_COM_IRQHandler                  0x08000163   Thumb Code     0  startup_stm32f10x_hd.o(.text)
    TIM1_UP_IRQHandler                       0x08000163   Thumb Code     0  startup_stm32f10x_hd.o(.text)
    TIM2_IRQHandler                          0x08000163   Thumb Code     0  startup_stm32f10x_hd.o(.text)
    TIM3_IRQHandler                          0x08000163   Thumb Code     0  startup_stm32f10x_hd.o(.text)
    TIM4_IRQHandler                          0x08000163   Thumb Code     0  startup_stm32f10x_hd.o(.text)
    TIM5_IRQHandler                          0x08000163   Thumb Code     0  startup_stm32f10x_hd.o(.text)
    TIM6_IRQHandler                          0x08000163   Thumb Code     0  startup_stm32f10x_hd.o(.text)
    TIM7_IRQHandler                          0x08000163   Thumb Code     0  startup_stm32f10x_hd.o(.text)
    TIM8_BRK_IRQHandler                      0x08000163   Thumb Code     0  startup_stm32f10x_hd.o(.text)
    TIM8_CC_IRQHandler                       0x08000163   Thumb Code     0  startup_stm32f10x_hd.o(.text)
    TIM8_TRG_COM_IRQHandler                  0x08000163   Thumb Code     0  startup_stm32f10x_hd.o(.text)
    TIM8_UP_IRQHandler                       0x08000163   Thumb Code     0  startup_stm32f10x_hd.o(.text)
    UART4_IRQHandler                         0x08000163   Thumb Code     0  startup_stm32f10x_hd.o(.text)
    UART5_IRQHandler                         0x08000163   Thumb Code     0  startup_stm32f10x_hd.o(.text)
    USART2_IRQHandler                        0x08000163   Thumb Code     0  startup_stm32f10x_hd.o(.text)
    USART3_IRQHandler                        0x08000163   Thumb Code     0  startup_stm32f10x_hd.o(.text)
    USBWakeUp_IRQHandler                     0x08000163   Thumb Code     0  startup_stm32f10x_hd.o(.text)
    USB_HP_CAN1_TX_IRQHandler                0x08000163   Thumb Code     0  startup_stm32f10x_hd.o(.text)
    USB_LP_CAN1_RX0_IRQHandler               0x08000163   Thumb Code     0  startup_stm32f10x_hd.o(.text)
    WWDG_IRQHandler                          0x08000163   Thumb Code     0  startup_stm32f10x_hd.o(.text)
    __aeabi_memset                           0x0800016d   Thumb Code    14  memseta.o(.text)
    __aeabi_memset4                          0x0800016d   Thumb Code     0  memseta.o(.text)
    __aeabi_memset8                          0x0800016d   Thumb Code     0  memseta.o(.text)
    __aeabi_memclr                           0x0800017b   Thumb Code     4  memseta.o(.text)
    __aeabi_memclr4                          0x0800017b   Thumb Code     0  memseta.o(.text)
    __aeabi_memclr8                          0x0800017b   Thumb Code     0  memseta.o(.text)
    _memset$wrapper                          0x0800017f   Thumb Code    18  memseta.o(.text)
    strstr                                   0x08000191   Thumb Code    36  strstr.o(.text)
    strlen                                   0x080001b5   Thumb Code    14  strlen.o(.text)
    memcmp                                   0x080001c3   Thumb Code    26  memcmp.o(.text)
    strtok                                   0x080001dd   Thumb Code    62  strtok.o(.text)
    atoi                                     0x08000221   Thumb Code    26  atoi.o(.text)
    __aeabi_fadd                             0x0800023b   Thumb Code   164  fadd.o(.text)
    __aeabi_fsub                             0x080002df   Thumb Code     6  fadd.o(.text)
    __aeabi_frsub                            0x080002e5   Thumb Code     6  fadd.o(.text)
    __aeabi_fdiv                             0x080002eb   Thumb Code   124  fdiv.o(.text)
    __aeabi_dadd                             0x08000367   Thumb Code   322  dadd.o(.text)
    __aeabi_dsub                             0x080004a9   Thumb Code     6  dadd.o(.text)
    __aeabi_drsub                            0x080004af   Thumb Code     6  dadd.o(.text)
    __aeabi_dmul                             0x080004b5   Thumb Code   228  dmul.o(.text)
    __aeabi_ddiv                             0x08000599   Thumb Code   222  ddiv.o(.text)
    __ARM_scalbn                             0x08000677   Thumb Code    46  dscalb.o(.text)
    scalbn                                   0x08000677   Thumb Code     0  dscalb.o(.text)
    __aeabi_i2f                              0x080006a5   Thumb Code    18  fflti.o(.text)
    __aeabi_ui2f                             0x080006b7   Thumb Code    10  ffltui.o(.text)
    __aeabi_i2d                              0x080006c1   Thumb Code    34  dflti.o(.text)
    __aeabi_ui2d                             0x080006e3   Thumb Code    26  dfltui.o(.text)
    __aeabi_l2d                              0x080006fd   Thumb Code    40  dfltl.o(.text)
    __aeabi_f2iz                             0x08000725   Thumb Code    50  ffixi.o(.text)
    __aeabi_d2iz                             0x08000757   Thumb Code    62  dfixi.o(.text)
    __aeabi_d2lz                             0x08000795   Thumb Code    74  dfixl.o(.text)
    __aeabi_f2d                              0x080007df   Thumb Code    38  f2d.o(.text)
    __aeabi_cdrcmple                         0x08000805   Thumb Code    48  cdrcmple.o(.text)
    __aeabi_d2f                              0x08000835   Thumb Code    56  d2f.o(.text)
    __aeabi_cfrcmple                         0x0800086d   Thumb Code    20  cfrcmple.o(.text)
    __aeabi_uidiv                            0x08000881   Thumb Code     0  uidiv.o(.text)
    __aeabi_uidivmod                         0x08000881   Thumb Code    44  uidiv.o(.text)
    __aeabi_uldivmod                         0x080008ad   Thumb Code    98  uldiv.o(.text)
    __aeabi_llsl                             0x0800090f   Thumb Code    30  llshl.o(.text)
    _ll_shift_l                              0x0800090f   Thumb Code     0  llshl.o(.text)
    __aeabi_llsr                             0x0800092d   Thumb Code    32  llushr.o(.text)
    _ll_ushift_r                             0x0800092d   Thumb Code     0  llushr.o(.text)
    __aeabi_lasr                             0x0800094d   Thumb Code    36  llsshr.o(.text)
    _ll_sshift_r                             0x0800094d   Thumb Code     0  llsshr.o(.text)
    strtol                                   0x08000971   Thumb Code   112  strtol.o(.text)
    __I$use$fp                               0x080009e1   Thumb Code     0  iusefp.o(.text)
    _float_round                             0x080009e1   Thumb Code    18  fepilogue.o(.text)
    _float_epilogue                          0x080009f3   Thumb Code    92  fepilogue.o(.text)
    _double_round                            0x08000a4f   Thumb Code    30  depilogue.o(.text)
    _double_epilogue                         0x08000a6d   Thumb Code   156  depilogue.o(.text)
    _dsqrt                                   0x08000b09   Thumb Code   162  dsqrt.o(.text)
    __aeabi_d2ulz                            0x08000bab   Thumb Code    48  dfixul.o(.text)
    __scatterload                            0x08000bdd   Thumb Code    28  init.o(.text)
    __scatterload_rt2                        0x08000bdd   Thumb Code     0  init.o(.text)
    __rt_ctype_table                         0x08000c01   Thumb Code     4  ctype_o.o(.text)
    _strtoul                                 0x08000c09   Thumb Code   158  _strtoul.o(.text)
    _chval                                   0x08000ca7   Thumb Code    28  _chval.o(.text)
    __decompress                             0x08000cc3   Thumb Code     0  __dczerorl2.o(.text)
    __decompress1                            0x08000cc3   Thumb Code    86  __dczerorl2.o(.text)
    ANTHOR_MEASURE                           0x08000d19   Thumb Code   676  lib.o(i.ANTHOR_MEASURE)
    AT_CmdFunc_ANCHOR_GPIOTEST               0x08000fe1   Thumb Code    30  stm32_eval.o(i.AT_CmdFunc_ANCHOR_GPIOTEST)
    AT_CmdFunc_ANCHOR_TAG                    0x08001001   Thumb Code   180  stm32_eval.o(i.AT_CmdFunc_ANCHOR_TAG)
    AT_CmdFunc_AT                            0x080010e1   Thumb Code     4  stm32_eval.o(i.AT_CmdFunc_AT)
    AT_CmdFunc_FACTORY                       0x080010e5   Thumb Code    30  stm32_eval.o(i.AT_CmdFunc_FACTORY)
    AT_CmdFunc_RST                           0x0800110d   Thumb Code    36  stm32_eval.o(i.AT_CmdFunc_RST)
    AT_CmdFunc_TemHum                        0x08001141   Thumb Code    60  stm32_eval.o(i.AT_CmdFunc_TemHum)
    AT_CmdFunc_XYZ                           0x0800118d   Thumb Code    36  stm32_eval.o(i.AT_CmdFunc_XYZ)
    AT_CmdFunc_interval                      0x080011bd   Thumb Code    44  stm32_eval.o(i.AT_CmdFunc_interval)
    AT_CmdFunc_ondis                         0x080011f1   Thumb Code    44  stm32_eval.o(i.AT_CmdFunc_ondis)
    AT_CmdFunc_version                       0x08001225   Thumb Code    24  stm32_eval.o(i.AT_CmdFunc_version)
    AT_CmdHuy_version                        0x0800125d   Thumb Code    24  stm32_eval.o(i.AT_CmdHuy_version)
    Anchor_Array_Init                        0x08001289   Thumb Code    28  main.o(i.Anchor_Array_Init)
    BusFault_Handler                         0x080012a9   Thumb Code     2  stm32f10x_it.o(i.BusFault_Handler)
    DebugMon_Handler                         0x080012ab   Thumb Code     2  stm32f10x_it.o(i.DebugMon_Handler)
    EXTI_GetITEnStatus                       0x080012ad   Thumb Code    16  port.o(i.EXTI_GetITEnStatus)
    FLASH_ErasePage                          0x080012c1   Thumb Code    56  stm32f10x_flash.o(i.FLASH_ErasePage)
    FLASH_GetBank1Status                     0x080012fd   Thumb Code    34  stm32f10x_flash.o(i.FLASH_GetBank1Status)
    FLASH_Lock                               0x08001325   Thumb Code    12  stm32f10x_flash.o(i.FLASH_Lock)
    FLASH_ProgramHalfWord                    0x08001335   Thumb Code    48  stm32f10x_flash.o(i.FLASH_ProgramHalfWord)
    FLASH_ReadMoreData                       0x08001369   Thumb Code    26  stm32_eval.o(i.FLASH_ReadMoreData)
    FLASH_Unlock                             0x08001385   Thumb Code    12  stm32f10x_flash.o(i.FLASH_Unlock)
    FLASH_WaitForLastOperation               0x0800139d   Thumb Code    36  stm32f10x_flash.o(i.FLASH_WaitForLastOperation)
    FLASH_WriteMoreData                      0x080013c1   Thumb Code    84  stm32_eval.o(i.FLASH_WriteMoreData)
    GPIO_Configuration                       0x08001419   Thumb Code   216  port.o(i.GPIO_Configuration)
    GPIO_Init                                0x08001505   Thumb Code   162  stm32f10x_gpio.o(i.GPIO_Init)
    GPIO_PinRemapConfig                      0x080015a9   Thumb Code    82  stm32f10x_gpio.o(i.GPIO_PinRemapConfig)
    GPIO_ReadInputDataBit                    0x08001601   Thumb Code    14  stm32f10x_gpio.o(i.GPIO_ReadInputDataBit)
    GPIO_ResetBits                           0x0800160f   Thumb Code     4  stm32f10x_gpio.o(i.GPIO_ResetBits)
    GPIO_SetBits                             0x08001613   Thumb Code     4  stm32f10x_gpio.o(i.GPIO_SetBits)
    HardFault_Handler                        0x08001619   Thumb Code     8  stm32f10x_it.o(i.HardFault_Handler)
    I2C_AcknowledgeConfig                    0x08001639   Thumb Code    20  stm32f10x_i2c.o(i.I2C_AcknowledgeConfig)
    I2C_CheckEvent                           0x0800164d   Thumb Code    24  stm32f10x_i2c.o(i.I2C_CheckEvent)
    I2C_Cmd                                  0x08001665   Thumb Code    20  stm32f10x_i2c.o(i.I2C_Cmd)
    I2C_DeInit                               0x08001679   Thumb Code    38  stm32f10x_i2c.o(i.I2C_DeInit)
    I2C_GenerateSTART                        0x080016a5   Thumb Code    20  stm32f10x_i2c.o(i.I2C_GenerateSTART)
    I2C_GenerateSTOP                         0x080016b9   Thumb Code    20  stm32f10x_i2c.o(i.I2C_GenerateSTOP)
    I2C_GetFlagStatus                        0x080016cd   Thumb Code    42  stm32f10x_i2c.o(i.I2C_GetFlagStatus)
    I2C_Init                                 0x080016f9   Thumb Code   178  stm32f10x_i2c.o(i.I2C_Init)
    I2C_NACKPositionConfig                   0x080017b5   Thumb Code    22  stm32f10x_i2c.o(i.I2C_NACKPositionConfig)
    I2C_ReceiveData                          0x080017cb   Thumb Code     6  stm32f10x_i2c.o(i.I2C_ReceiveData)
    I2C_Send7bitAddress                      0x080017d1   Thumb Code    16  stm32f10x_i2c.o(i.I2C_Send7bitAddress)
    I2C_SendData                             0x080017e1   Thumb Code     4  stm32f10x_i2c.o(i.I2C_SendData)
    I2C_WriteOneByte                         0x080017e5   Thumb Code   182  lcd_oled.o(i.I2C_WriteOneByte)
    MemManage_Handler                        0x08001929   Thumb Code     2  stm32f10x_it.o(i.MemManage_Handler)
    NMI_Handler                              0x0800192b   Thumb Code     2  stm32f10x_it.o(i.NMI_Handler)
    NVIC_Init                                0x0800192d   Thumb Code    94  misc.o(i.NVIC_Init)
    NVIC_PriorityGroupConfig                 0x08001991   Thumb Code    10  misc.o(i.NVIC_PriorityGroupConfig)
    OLED_Clear                               0x080019c5   Thumb Code    60  lcd_oled.o(i.OLED_Clear)
    OLED_Init                                0x08001a01   Thumb Code   250  lcd_oled.o(i.OLED_Init)
    OLED_Set_Pos                             0x08001afb   Thumb Code    44  lcd_oled.o(i.OLED_Set_Pos)
    OLED_ShowChar                            0x08001b29   Thumb Code    94  lcd_oled.o(i.OLED_ShowChar)
    OLED_ShowString                          0x08001b8d   Thumb Code    50  lcd_oled.o(i.OLED_ShowString)
    OLED_WR_Byte                             0x08001bc1   Thumb Code    36  lcd_oled.o(i.OLED_WR_Byte)
    PairGpioCheck                            0x08001bed   Thumb Code   132  stm32_eval.o(i.PairGpioCheck)
    PairGpioCheckDB                          0x08001c71   Thumb Code   194  stm32_eval.o(i.PairGpioCheckDB)
    PendSV_Handler                           0x08001d33   Thumb Code     2  stm32f10x_it.o(i.PendSV_Handler)
    RCC_APB1PeriphClockCmd                   0x08001d35   Thumb Code    18  stm32f10x_rcc.o(i.RCC_APB1PeriphClockCmd)
    RCC_APB1PeriphResetCmd                   0x08001d4d   Thumb Code    18  stm32f10x_rcc.o(i.RCC_APB1PeriphResetCmd)
    RCC_APB2PeriphClockCmd                   0x08001d65   Thumb Code    18  stm32f10x_rcc.o(i.RCC_APB2PeriphClockCmd)
    RCC_APB2PeriphResetCmd                   0x08001d7d   Thumb Code    18  stm32f10x_rcc.o(i.RCC_APB2PeriphResetCmd)
    RCC_GetClocksFreq                        0x08001d95   Thumb Code   140  stm32f10x_rcc.o(i.RCC_GetClocksFreq)
    SHT20_init                               0x08001e35   Thumb Code   112  lcd_oled.o(i.SHT20_init)
    SHT20_read_hum                           0x08001ea9   Thumb Code   138  lcd_oled.o(i.SHT20_read_hum)
    SHT20_read_tem                           0x08001f61   Thumb Code   136  lcd_oled.o(i.SHT20_read_tem)
    SPI_ChangeRate                           0x08002019   Thumb Code    14  port.o(i.SPI_ChangeRate)
    SPI_Cmd                                  0x0800202d   Thumb Code    20  stm32f10x_spi.o(i.SPI_Cmd)
    SPI_Configuration                        0x08002041   Thumb Code   166  port.o(i.SPI_Configuration)
    SPI_I2S_DeInit                           0x080020f1   Thumb Code    72  stm32f10x_spi.o(i.SPI_I2S_DeInit)
    SPI_I2S_GetFlagStatus                    0x08002145   Thumb Code    14  stm32f10x_spi.o(i.SPI_I2S_GetFlagStatus)
    SPI_Init                                 0x08002153   Thumb Code    56  stm32f10x_spi.o(i.SPI_Init)
    SPI_SSOutputCmd                          0x0800218b   Thumb Code    20  stm32f10x_spi.o(i.SPI_SSOutputCmd)
    STM_EVAL_COMInit                         0x080021a1   Thumb Code   200  stm32_eval.o(i.STM_EVAL_COMInit)
    SVC_Handler                              0x08002275   Thumb Code     2  stm32f10x_it.o(i.SVC_Handler)
    Semaphore_Init                           0x08002279   Thumb Code     8  main.o(i.Semaphore_Init)
    SysTick_Configuration                    0x0800232d   Thumb Code    64  port.o(i.SysTick_Configuration)
    SysTick_Handler                          0x08002371   Thumb Code    10  stm32f10x_it.o(i.SysTick_Handler)
    SystemInit                               0x08002381   Thumb Code    64  system_stm32f10x.o(i.SystemInit)
    USART1_IRQHandler                        0x080023d1   Thumb Code    36  stm32_eval.o(i.USART1_IRQHandler)
    USART_ClearFlag                          0x080023f9   Thumb Code     6  stm32f10x_usart.o(i.USART_ClearFlag)
    USART_Cmd                                0x080023ff   Thumb Code    20  stm32f10x_usart.o(i.USART_Cmd)
    USART_GetFlagStatus                      0x08002413   Thumb Code    14  stm32f10x_usart.o(i.USART_GetFlagStatus)
    USART_GetITStatus                        0x08002421   Thumb Code    62  stm32f10x_usart.o(i.USART_GetITStatus)
    USART_ITConfig                           0x0800245f   Thumb Code    48  stm32f10x_usart.o(i.USART_ITConfig)
    USART_Init                               0x08002491   Thumb Code   166  stm32f10x_usart.o(i.USART_Init)
    USART_ReceiveData                        0x0800253d   Thumb Code     8  stm32f10x_usart.o(i.USART_ReceiveData)
    USART_SendData                           0x08002545   Thumb Code     8  stm32f10x_usart.o(i.USART_SendData)
    USART_puts                               0x0800254d   Thumb Code    24  port.o(i.USART_puts)
    UsageFault_Handler                       0x08002565   Thumb Code     2  stm32f10x_it.o(i.UsageFault_Handler)
    __0printf                                0x08002569   Thumb Code    22  printfa.o(i.__0printf)
    __1printf                                0x08002569   Thumb Code     0  printfa.o(i.__0printf)
    __2printf                                0x08002569   Thumb Code     0  printfa.o(i.__0printf)
    __c89printf                              0x08002569   Thumb Code     0  printfa.o(i.__0printf)
    printf                                   0x08002569   Thumb Code     0  printfa.o(i.__0printf)
    __ARM_fpclassify                         0x08002589   Thumb Code    40  fpclassify.o(i.__ARM_fpclassify)
    __aeabi_errno_addr                       0x080025b1   Thumb Code     4  errno.o(i.__aeabi_errno_addr)
    __rt_errno_addr                          0x080025b1   Thumb Code     0  errno.o(i.__aeabi_errno_addr)
    __kernel_poly                            0x080025b9   Thumb Code   170  poly.o(i.__kernel_poly)
    __mathlib_dbl_divzero                    0x08002665   Thumb Code    12  dunder.o(i.__mathlib_dbl_divzero)
    __mathlib_dbl_infnan                     0x08002675   Thumb Code     6  dunder.o(i.__mathlib_dbl_infnan)
    __mathlib_dbl_infnan2                    0x0800267b   Thumb Code     4  dunder.o(i.__mathlib_dbl_infnan2)
    __mathlib_dbl_invalid                    0x0800267f   Thumb Code    12  dunder.o(i.__mathlib_dbl_invalid)
    __mathlib_dbl_overflow                   0x0800268b   Thumb Code    14  dunder.o(i.__mathlib_dbl_overflow)
    __mathlib_dbl_underflow                  0x08002699   Thumb Code    10  dunder.o(i.__mathlib_dbl_underflow)
    __scatterload_copy                       0x080026a9   Thumb Code    14  handlers.o(i.__scatterload_copy)
    __scatterload_null                       0x080026b7   Thumb Code     2  handlers.o(i.__scatterload_null)
    __scatterload_zeroinit                   0x080026b9   Thumb Code    14  handlers.o(i.__scatterload_zeroinit)
    __set_errno                              0x080026c9   Thumb Code     6  errno.o(i.__set_errno)
    _dwt_configlde                           0x080026d5   Thumb Code    48  deca_device.o(i._dwt_configlde)
    _dwt_enableclocks                        0x08002705   Thumb Code   194  deca_device.o(i._dwt_enableclocks)
    _dwt_loaducodefromrom                    0x080027c7   Thumb Code    52  deca_device.o(i._dwt_loaducodefromrom)
    _dwt_otpread                             0x080027fb   Thumb Code    70  deca_device.o(i._dwt_otpread)
    asin                                     0x080030cd   Thumb Code   572  asin.o(i.asin)
    at_cmd_parse                             0x0800333d   Thumb Code   214  stm32_eval.o(i.at_cmd_parse)
    at_cmd_recv                              0x08003431   Thumb Code    98  stm32_eval.o(i.at_cmd_recv)
    buo1DbGpio                               0x0800349d   Thumb Code   214  stm32_eval.o(i.buo1DbGpio)
    buo1Gpio                                 0x08003669   Thumb Code    80  stm32_eval.o(i.buo1Gpio)
    deca_sleep                               0x08003701   Thumb Code    24  deca_sleep.o(i.deca_sleep)
    decamutexoff                             0x08003719   Thumb Code    18  deca_mutex.o(i.decamutexoff)
    decamutexon                              0x0800372b   Thumb Code    26  deca_mutex.o(i.decamutexon)
    drv_lis2dh12_get_angle                   0x08003745   Thumb Code   332  lcd_oled.o(i.drv_lis2dh12_get_angle)
    drv_lis2dh12_iic_read_byte               0x080038c5   Thumb Code   230  lcd_oled.o(i.drv_lis2dh12_iic_read_byte)
    drv_lis2dh12_iic_write_byte              0x080039bd   Thumb Code    18  lcd_oled.o(i.drv_lis2dh12_iic_write_byte)
    drv_lis2dh12_init                        0x080039d5   Thumb Code    70  lcd_oled.o(i.drv_lis2dh12_init)
    dwt_configure                            0x08003a1d   Thumb Code   490  deca_device.o(i.dwt_configure)
    dwt_enablegpioclocks                     0x08003c35   Thumb Code    26  deca_device.o(i.dwt_enablegpioclocks)
    dwt_enablegpioclocks1                    0x08003c4f   Thumb Code    68  deca_device.o(i.dwt_enablegpioclocks1)
    dwt_entersleepaftertx                    0x08003c93   Thumb Code    36  deca_device.o(i.dwt_entersleepaftertx)
    dwt_forcetrxoff                          0x08003cb9   Thumb Code    86  deca_device.o(i.dwt_forcetrxoff)
    dwt_getgpiovalue                         0x08003d19   Thumb Code    20  deca_device.o(i.dwt_getgpiovalue)
    dwt_getrangebias                         0x08003d2d   Thumb Code   200  deca_range_tables.o(i.dwt_getrangebias)
    dwt_initialise                           0x08003e05   Thumb Code   208  deca_device.o(i.dwt_initialise)
    dwt_read16bitoffsetreg                   0x08003edd   Thumb Code    38  deca_device.o(i.dwt_read16bitoffsetreg)
    dwt_read32bitoffsetreg                   0x08003f03   Thumb Code    38  deca_device.o(i.dwt_read32bitoffsetreg)
    dwt_readdevid                            0x08003f29   Thumb Code     8  deca_device.o(i.dwt_readdevid)
    dwt_readfromdevice                       0x08003f31   Thumb Code    58  deca_device.o(i.dwt_readfromdevice)
    dwt_readrxdata                           0x08003f6b   Thumb Code    18  deca_device.o(i.dwt_readrxdata)
    dwt_readrxtimestamp                      0x08003f7d   Thumb Code    12  deca_device.o(i.dwt_readrxtimestamp)
    dwt_readtxtimestamp                      0x08003f89   Thumb Code    12  deca_device.o(i.dwt_readtxtimestamp)
    dwt_rxenable                             0x08003f95   Thumb Code    80  deca_device.o(i.dwt_rxenable)
    dwt_setGPIOdirection                     0x08003fe5   Thumb Code    34  deca_device.o(i.dwt_setGPIOdirection)
    dwt_setGPIOvalue                         0x08004007   Thumb Code    34  deca_device.o(i.dwt_setGPIOvalue)
    dwt_setleds                              0x08004029   Thumb Code   184  deca_device.o(i.dwt_setleds)
    dwt_setrxaftertxdelay                    0x080040e1   Thumb Code    34  deca_device.o(i.dwt_setrxaftertxdelay)
    dwt_setrxantennadelay                    0x08004103   Thumb Code    12  deca_device.o(i.dwt_setrxantennadelay)
    dwt_setrxtimeout                         0x08004111   Thumb Code    84  deca_device.o(i.dwt_setrxtimeout)
    dwt_settxantennadelay                    0x08004169   Thumb Code    10  deca_device.o(i.dwt_settxantennadelay)
    dwt_starttx                              0x08004175   Thumb Code   142  deca_device.o(i.dwt_starttx)
    dwt_syncrxbufptrs                        0x08004209   Thumb Code    52  deca_device.o(i.dwt_syncrxbufptrs)
    dwt_write16bitoffsetreg                  0x0800423d   Thumb Code    26  deca_device.o(i.dwt_write16bitoffsetreg)
    dwt_write32bitoffsetreg                  0x08004257   Thumb Code    30  deca_device.o(i.dwt_write32bitoffsetreg)
    dwt_writetodevice                        0x08004275   Thumb Code    62  deca_device.o(i.dwt_writetodevice)
    dwt_writetxdata                          0x080042b3   Thumb Code    34  deca_device.o(i.dwt_writetxdata)
    dwt_writetxfctrl                         0x080042d5   Thumb Code    24  deca_device.o(i.dwt_writetxfctrl)
    dwt_xtaltrim                             0x080042f1   Thumb Code    48  deca_device.o(i.dwt_xtaltrim)
    fputc                                    0x0800433d   Thumb Code    38  main.o(i.fputc)
    get_rx_timestamp_u64                     0x08004369   Thumb Code    38  lib.o(i.get_rx_timestamp_u64)
    get_tx_timestamp_u64                     0x0800438f   Thumb Code    38  lib.o(i.get_tx_timestamp_u64)
    hal_i2c1_read_data                       0x080043b5   Thumb Code   322  lcd_oled.o(i.hal_i2c1_read_data)
    hal_i2c1_send_data                       0x08004505   Thumb Code    50  lcd_oled.o(i.hal_i2c1_send_data)
    hal_i2c1_send_data1                      0x08004539   Thumb Code   156  lcd_oled.o(i.hal_i2c1_send_data1)
    main                                     0x080045e5   Thumb Code   648  main.o(i.main)
    peripherals_init                         0x0800498d   Thumb Code    72  port.o(i.peripherals_init)
    portGetTickCnt                           0x080049d5   Thumb Code     6  port.o(i.portGetTickCnt)
    pow                                      0x080049e1   Thumb Code  2512  pow.o(i.pow)
    putc                                     0x080053b9   Thumb Code     4  putc.o(i.putc)
    putchar                                  0x080053bd   Thumb Code     6  putchar.o(i.putchar)
    readfromspi_serial                       0x080053c9   Thumb Code   114  deca_spi.o(i.readfromspi_serial)
    reset_DW1000                             0x08005445   Thumb Code    70  port.o(i.reset_DW1000)
    spi_set_rate_high                        0x08005491   Thumb Code     6  port.o(i.spi_set_rate_high)
    spi_set_rate_low                         0x08005497   Thumb Code     6  port.o(i.spi_set_rate_low)
    sqrt                                     0x0800549d   Thumb Code    76  sqrt.o(i.sqrt)
    string_split                             0x080054e9   Thumb Code    28  stm32_eval.o(i.string_split)
    usart0_init                              0x08005505   Thumb Code    30  main.o(i.usart0_init)
    usartinit                                0x08005529   Thumb Code    42  port.o(i.usartinit)
    writetospi_serial                        0x08005555   Thumb Code    90  deca_spi.o(i.writetospi_serial)
    COM_TX_PIN                               0x080055c0   Data           4  stm32_eval.o(.constdata)
    COM_RX_PIN                               0x080055c4   Data           4  stm32_eval.o(.constdata)
    GPIO_PIN                                 0x080055ce   Data           8  stm32_eval.o(.constdata)
    COM_USART_CLK                            0x080055d8   Data           8  stm32_eval.o(.constdata)
    COM_TX_PORT_CLK                          0x080055e0   Data           8  stm32_eval.o(.constdata)
    COM_RX_PORT_CLK                          0x080055e8   Data           8  stm32_eval.o(.constdata)
    GPIO_CLK                                 0x080055f0   Data          16  stm32_eval.o(.constdata)
    BUTTON_PIN                               0x08005600   Data          16  stm32_eval.o(.constdata)
    BUTTON_CLK                               0x08005610   Data          32  stm32_eval.o(.constdata)
    BUTTON_EXTI_LINE                         0x08005630   Data          16  stm32_eval.o(.constdata)
    BUTTON_PORT_SOURCE                       0x08005640   Data          16  stm32_eval.o(.constdata)
    BUTTON_PIN_SOURCE                        0x08005650   Data          16  stm32_eval.o(.constdata)
    BUTTON_IRQn                              0x08005660   Data          16  stm32_eval.o(.constdata)
    F8X16                                    0x08005670   Data        1520  lcd_oled.o(.constdata)
    chan_idx                                 0x08005c60   Data           8  deca_params_init.o(.constdata)
    tx_config                                0x08005c68   Data          24  deca_params_init.o(.constdata)
    pll2_config                              0x08005c80   Data          30  deca_params_init.o(.constdata)
    rx_config                                0x08005c9e   Data           2  deca_params_init.o(.constdata)
    agc_config                               0x08005ca0   Data           8  deca_params_init.o(.constdata)
    dwnsSFDlen                               0x08005ca8   Data           3  deca_params_init.o(.constdata)
    sftsh                                    0x08005cac   Data          12  deca_params_init.o(.constdata)
    dtune1                                   0x08005cb8   Data           4  deca_params_init.o(.constdata)
    digital_bb_config                        0x08005cbc   Data          32  deca_params_init.o(.constdata)
    lde_replicaCoeff                         0x08005cdc   Data          50  deca_params_init.o(.constdata)
    chan_idxnb                               0x08005d0e   Data           8  deca_range_tables.o(.constdata)
    chan_idxwb                               0x08005d16   Data           8  deca_range_tables.o(.constdata)
    range25cm16PRFnb                         0x08005d1e   Data         148  deca_range_tables.o(.constdata)
    range25cm16PRFwb                         0x08005db2   Data         136  deca_range_tables.o(.constdata)
    range25cm64PRFnb                         0x08005e3a   Data         104  deca_range_tables.o(.constdata)
    range25cm64PRFwb                         0x08005ea2   Data         118  deca_range_tables.o(.constdata)
    __mathlib_zero                           0x08005ff0   Data           8  qnan.o(.constdata)
    __ctype_table                            0x08005ff8   Data         129  ctype_o.o(.constdata)
    Region$$Table$$Base                      0x080060f8   Number         0  anon$$obj.o(Region$$Table)
    Region$$Table$$Limit                     0x08006118   Number         0  anon$$obj.o(Region$$Table)
    time32_incr                              0x20000000   Data           4  stm32f10x_it.o(.data)
    ANCHOR_REFRESH_COUNT_set                 0x20000010   Data           4  main.o(.data)
    finish_measure                           0x20000014   Data           4  main.o(.data)
    SystemCoreClock                          0x200000b0   Data           4  system_stm32f10x.o(.data)
    AHBPrescTable                            0x200000b4   Data          16  system_stm32f10x.o(.data)
    SWITCH_DIS                               0x200000c4   Data           1  stm32_eval.o(.data)
    COM_USART                                0x200000cc   Data           8  stm32_eval.o(.data)
    COM_TX_PORT                              0x200000d4   Data           8  stm32_eval.o(.data)
    COM_RX_PORT                              0x200000dc   Data           8  stm32_eval.o(.data)
    GPIO_PORT                                0x200000e4   Data          16  stm32_eval.o(.data)
    BUTTON_PORT                              0x200000f4   Data          32  stm32_eval.o(.data)
    at_table                                 0x20000114   Data          88  stm32_eval.o(.data)
    UserSetNow                               0x2000016c   Data           6  stm32_eval.o(.data)
    IIc_flag                                 0x20000174   Data           4  lcd_oled.o(.data)
    Hzk                                      0x20000178   Data         448  lcd_oled.o(.data)
    TAG_ID                                   0x20000339   Data           1  lib.o(.data)
    MASTER_TAG                               0x2000033a   Data           1  lib.o(.data)
    SLAVE_TAG_START_INDEX                    0x2000033b   Data           1  lib.o(.data)
    ANCHOR_IND                               0x2000033c   Data           1  lib.o(.data)
    Semaphore                                0x2000033d   Data           1  lib.o(.data)
    __stdout                                 0x20000420   Data           4  stdout.o(.data)
    Value_Buf                                0x20000430   Data         100  main.o(.bss)
    filter_index                             0x20000494   Data          20  main.o(.bss)
    AnchorList                               0x200004c0   Data        1080  main.o(.bss)
    Anthordistance                           0x200008f8   Data         180  main.o(.bss)
    Anthordistance_count                     0x200009ac   Data         180  main.o(.bss)
    USART_InitStructure                      0x20000a60   Data          16  main.o(.bss)
    I2C_InitStructure                        0x20000c70   Data          16  port.o(.bss)
    __initial_sp                             0x200010d8   Data           0  startup_stm32f10x_hd.o(STACK)



==============================================================================

Memory Map of the image

  Image Entry point : 0x08000131

  Load Region LR_IROM1 (Base: 0x08000000, Size: 0x00006544, Max: 0x00010000, ABSOLUTE, COMPRESSED[0x000062b8])

    Execution Region ER_IROM1 (Exec base: 0x08000000, Load base: 0x08000000, Size: 0x00006118, Max: 0x00010000, ABSOLUTE)

    Exec Addr    Load Addr    Size         Type   Attr      Idx    E Section Name        Object

    0x08000000   0x08000000   0x00000130   Data   RO         4492    RESET               startup_stm32f10x_hd.o
    0x08000130   0x08000130   0x00000000   Code   RO         6011  * .ARM.Collect$$$$00000000  mc_w.l(entry.o)
    0x08000130   0x08000130   0x00000004   Code   RO         6363    .ARM.Collect$$$$00000001  mc_w.l(entry2.o)
    0x08000134   0x08000134   0x00000004   Code   RO         6366    .ARM.Collect$$$$00000004  mc_w.l(entry5.o)
    0x08000138   0x08000138   0x00000000   Code   RO         6368    .ARM.Collect$$$$00000008  mc_w.l(entry7b.o)
    0x08000138   0x08000138   0x00000000   Code   RO         6370    .ARM.Collect$$$$0000000A  mc_w.l(entry8b.o)
    0x08000138   0x08000138   0x00000008   Code   RO         6371    .ARM.Collect$$$$0000000B  mc_w.l(entry9a.o)
    0x08000140   0x08000140   0x00000004   Code   RO         6378    .ARM.Collect$$$$0000000E  mc_w.l(entry12b.o)
    0x08000144   0x08000144   0x00000000   Code   RO         6373    .ARM.Collect$$$$0000000F  mc_w.l(entry10a.o)
    0x08000144   0x08000144   0x00000000   Code   RO         6375    .ARM.Collect$$$$00000011  mc_w.l(entry11a.o)
    0x08000144   0x08000144   0x00000004   Code   RO         6364    .ARM.Collect$$$$00002712  mc_w.l(entry2.o)
    0x08000148   0x08000148   0x00000024   Code   RO         4493    .text               startup_stm32f10x_hd.o
    0x0800016c   0x0800016c   0x00000024   Code   RO         6025    .text               mc_w.l(memseta.o)
    0x08000190   0x08000190   0x00000024   Code   RO         6027    .text               mc_w.l(strstr.o)
    0x080001b4   0x080001b4   0x0000000e   Code   RO         6029    .text               mc_w.l(strlen.o)
    0x080001c2   0x080001c2   0x0000001a   Code   RO         6031    .text               mc_w.l(memcmp.o)
    0x080001dc   0x080001dc   0x00000044   Code   RO         6033    .text               mc_w.l(strtok.o)
    0x08000220   0x08000220   0x0000001a   Code   RO         6302    .text               mc_w.l(atoi.o)
    0x0800023a   0x0800023a   0x000000b0   Code   RO         6304    .text               mf_w.l(fadd.o)
    0x080002ea   0x080002ea   0x0000007c   Code   RO         6308    .text               mf_w.l(fdiv.o)
    0x08000366   0x08000366   0x0000014e   Code   RO         6310    .text               mf_w.l(dadd.o)
    0x080004b4   0x080004b4   0x000000e4   Code   RO         6312    .text               mf_w.l(dmul.o)
    0x08000598   0x08000598   0x000000de   Code   RO         6314    .text               mf_w.l(ddiv.o)
    0x08000676   0x08000676   0x0000002e   Code   RO         6316    .text               mf_w.l(dscalb.o)
    0x080006a4   0x080006a4   0x00000012   Code   RO         6318    .text               mf_w.l(fflti.o)
    0x080006b6   0x080006b6   0x0000000a   Code   RO         6320    .text               mf_w.l(ffltui.o)
    0x080006c0   0x080006c0   0x00000022   Code   RO         6322    .text               mf_w.l(dflti.o)
    0x080006e2   0x080006e2   0x0000001a   Code   RO         6324    .text               mf_w.l(dfltui.o)
    0x080006fc   0x080006fc   0x00000028   Code   RO         6326    .text               mf_w.l(dfltl.o)
    0x08000724   0x08000724   0x00000032   Code   RO         6328    .text               mf_w.l(ffixi.o)
    0x08000756   0x08000756   0x0000003e   Code   RO         6330    .text               mf_w.l(dfixi.o)
    0x08000794   0x08000794   0x0000004a   Code   RO         6332    .text               mf_w.l(dfixl.o)
    0x080007de   0x080007de   0x00000026   Code   RO         6334    .text               mf_w.l(f2d.o)
    0x08000804   0x08000804   0x00000030   Code   RO         6338    .text               mf_w.l(cdrcmple.o)
    0x08000834   0x08000834   0x00000038   Code   RO         6340    .text               mf_w.l(d2f.o)
    0x0800086c   0x0800086c   0x00000014   Code   RO         6342    .text               mf_w.l(cfrcmple.o)
    0x08000880   0x08000880   0x0000002c   Code   RO         6379    .text               mc_w.l(uidiv.o)
    0x080008ac   0x080008ac   0x00000062   Code   RO         6381    .text               mc_w.l(uldiv.o)
    0x0800090e   0x0800090e   0x0000001e   Code   RO         6383    .text               mc_w.l(llshl.o)
    0x0800092c   0x0800092c   0x00000020   Code   RO         6385    .text               mc_w.l(llushr.o)
    0x0800094c   0x0800094c   0x00000024   Code   RO         6387    .text               mc_w.l(llsshr.o)
    0x08000970   0x08000970   0x00000070   Code   RO         6396    .text               mc_w.l(strtol.o)
    0x080009e0   0x080009e0   0x00000000   Code   RO         6398    .text               mc_w.l(iusefp.o)
    0x080009e0   0x080009e0   0x0000006e   Code   RO         6399    .text               mf_w.l(fepilogue.o)
    0x08000a4e   0x08000a4e   0x000000ba   Code   RO         6401    .text               mf_w.l(depilogue.o)
    0x08000b08   0x08000b08   0x000000a2   Code   RO         6403    .text               mf_w.l(dsqrt.o)
    0x08000baa   0x08000baa   0x00000030   Code   RO         6405    .text               mf_w.l(dfixul.o)
    0x08000bda   0x08000bda   0x00000002   PAD
    0x08000bdc   0x08000bdc   0x00000024   Code   RO         6407    .text               mc_w.l(init.o)
    0x08000c00   0x08000c00   0x00000008   Code   RO         6409    .text               mc_w.l(ctype_o.o)
    0x08000c08   0x08000c08   0x0000009e   Code   RO         6437    .text               mc_w.l(_strtoul.o)
    0x08000ca6   0x08000ca6   0x0000001c   Code   RO         6439    .text               mc_w.l(_chval.o)
    0x08000cc2   0x08000cc2   0x00000056   Code   RO         6449    .text               mc_w.l(__dczerorl2.o)
    0x08000d18   0x08000d18   0x000002c8   Code   RO         5795    i.ANTHOR_MEASURE    STM3210E-EVAL.lib(lib.o)
    0x08000fe0   0x08000fe0   0x0000001e   Code   RO         3414    i.AT_CmdFunc_ANCHOR_GPIOTEST  stm32_eval.o
    0x08000ffe   0x08000ffe   0x00000002   PAD
    0x08001000   0x08001000   0x000000e0   Code   RO         3415    i.AT_CmdFunc_ANCHOR_TAG  stm32_eval.o
    0x080010e0   0x080010e0   0x00000004   Code   RO         3416    i.AT_CmdFunc_AT     stm32_eval.o
    0x080010e4   0x080010e4   0x00000028   Code   RO         3417    i.AT_CmdFunc_FACTORY  stm32_eval.o
    0x0800110c   0x0800110c   0x00000034   Code   RO         3418    i.AT_CmdFunc_RST    stm32_eval.o
    0x08001140   0x08001140   0x0000004c   Code   RO         3419    i.AT_CmdFunc_TemHum  stm32_eval.o
    0x0800118c   0x0800118c   0x00000030   Code   RO         3420    i.AT_CmdFunc_XYZ    stm32_eval.o
    0x080011bc   0x080011bc   0x00000034   Code   RO         3421    i.AT_CmdFunc_interval  stm32_eval.o
    0x080011f0   0x080011f0   0x00000034   Code   RO         3422    i.AT_CmdFunc_ondis  stm32_eval.o
    0x08001224   0x08001224   0x00000038   Code   RO         3423    i.AT_CmdFunc_version  stm32_eval.o
    0x0800125c   0x0800125c   0x0000002c   Code   RO         3424    i.AT_CmdHuy_version  stm32_eval.o
    0x08001288   0x08001288   0x00000020   Code   RO          155    i.Anchor_Array_Init  main.o
    0x080012a8   0x080012a8   0x00000002   Code   RO            1    i.BusFault_Handler  stm32f10x_it.o
    0x080012aa   0x080012aa   0x00000002   Code   RO            2    i.DebugMon_Handler  stm32f10x_it.o
    0x080012ac   0x080012ac   0x00000014   Code   RO         4604    i.EXTI_GetITEnStatus  port.o
    0x080012c0   0x080012c0   0x0000003c   Code   RO         2423    i.FLASH_ErasePage   stm32f10x_flash.o
    0x080012fc   0x080012fc   0x00000028   Code   RO         2424    i.FLASH_GetBank1Status  stm32f10x_flash.o
    0x08001324   0x08001324   0x00000010   Code   RO         2433    i.FLASH_Lock        stm32f10x_flash.o
    0x08001334   0x08001334   0x00000034   Code   RO         2436    i.FLASH_ProgramHalfWord  stm32f10x_flash.o
    0x08001368   0x08001368   0x0000001a   Code   RO         3426    i.FLASH_ReadMoreData  stm32_eval.o
    0x08001382   0x08001382   0x00000002   PAD
    0x08001384   0x08001384   0x00000018   Code   RO         2441    i.FLASH_Unlock      stm32f10x_flash.o
    0x0800139c   0x0800139c   0x00000024   Code   RO         2445    i.FLASH_WaitForLastOperation  stm32f10x_flash.o
    0x080013c0   0x080013c0   0x00000058   Code   RO         3428    i.FLASH_WriteMoreData  stm32_eval.o
    0x08001418   0x08001418   0x000000ec   Code   RO         4605    i.GPIO_Configuration  port.o
    0x08001504   0x08001504   0x000000a2   Code   RO          583    i.GPIO_Init         stm32f10x_gpio.o
    0x080015a6   0x080015a6   0x00000002   PAD
    0x080015a8   0x080015a8   0x00000058   Code   RO          585    i.GPIO_PinRemapConfig  stm32f10x_gpio.o
    0x08001600   0x08001600   0x0000000e   Code   RO          587    i.GPIO_ReadInputDataBit  stm32f10x_gpio.o
    0x0800160e   0x0800160e   0x00000004   Code   RO          590    i.GPIO_ResetBits    stm32f10x_gpio.o
    0x08001612   0x08001612   0x00000004   Code   RO          591    i.GPIO_SetBits      stm32f10x_gpio.o
    0x08001616   0x08001616   0x00000002   PAD
    0x08001618   0x08001618   0x00000020   Code   RO            3    i.HardFault_Handler  stm32f10x_it.o
    0x08001638   0x08001638   0x00000014   Code   RO         1511    i.I2C_AcknowledgeConfig  stm32f10x_i2c.o
    0x0800164c   0x0800164c   0x00000018   Code   RO         1513    i.I2C_CheckEvent    stm32f10x_i2c.o
    0x08001664   0x08001664   0x00000014   Code   RO         1516    i.I2C_Cmd           stm32f10x_i2c.o
    0x08001678   0x08001678   0x0000002c   Code   RO         1519    i.I2C_DeInit        stm32f10x_i2c.o
    0x080016a4   0x080016a4   0x00000014   Code   RO         1523    i.I2C_GenerateSTART  stm32f10x_i2c.o
    0x080016b8   0x080016b8   0x00000014   Code   RO         1524    i.I2C_GenerateSTOP  stm32f10x_i2c.o
    0x080016cc   0x080016cc   0x0000002a   Code   RO         1525    i.I2C_GetFlagStatus  stm32f10x_i2c.o
    0x080016f6   0x080016f6   0x00000002   PAD
    0x080016f8   0x080016f8   0x000000bc   Code   RO         1530    i.I2C_Init          stm32f10x_i2c.o
    0x080017b4   0x080017b4   0x00000016   Code   RO         1531    i.I2C_NACKPositionConfig  stm32f10x_i2c.o
    0x080017ca   0x080017ca   0x00000006   Code   RO         1535    i.I2C_ReceiveData   stm32f10x_i2c.o
    0x080017d0   0x080017d0   0x00000010   Code   RO         1537    i.I2C_Send7bitAddress  stm32f10x_i2c.o
    0x080017e0   0x080017e0   0x00000004   Code   RO         1538    i.I2C_SendData      stm32f10x_i2c.o
    0x080017e4   0x080017e4   0x000000c8   Code   RO         4789    i.I2C_WriteOneByte  lcd_oled.o
    0x080018ac   0x080018ac   0x0000007c   Code   RO         4606    i.MX_I2C1_Init      port.o
    0x08001928   0x08001928   0x00000002   Code   RO            4    i.MemManage_Handler  stm32f10x_it.o
    0x0800192a   0x0800192a   0x00000002   Code   RO            5    i.NMI_Handler       stm32f10x_it.o
    0x0800192c   0x0800192c   0x00000064   Code   RO          697    i.NVIC_Init         misc.o
    0x08001990   0x08001990   0x00000014   Code   RO          698    i.NVIC_PriorityGroupConfig  misc.o
    0x080019a4   0x080019a4   0x00000020   Code   RO         4609    i.NVIC_SetPriority  port.o
    0x080019c4   0x080019c4   0x0000003c   Code   RO         4790    i.OLED_Clear        lcd_oled.o
    0x08001a00   0x08001a00   0x000000fa   Code   RO         4794    i.OLED_Init         lcd_oled.o
    0x08001afa   0x08001afa   0x0000002c   Code   RO         4795    i.OLED_Set_Pos      lcd_oled.o
    0x08001b26   0x08001b26   0x00000002   PAD
    0x08001b28   0x08001b28   0x00000064   Code   RO         4797    i.OLED_ShowChar     lcd_oled.o
    0x08001b8c   0x08001b8c   0x00000032   Code   RO         4799    i.OLED_ShowString   lcd_oled.o
    0x08001bbe   0x08001bbe   0x00000002   PAD
    0x08001bc0   0x08001bc0   0x0000002c   Code   RO         4800    i.OLED_WR_Byte      lcd_oled.o
    0x08001bec   0x08001bec   0x00000084   Code   RO         3432    i.PairGpioCheck     stm32_eval.o
    0x08001c70   0x08001c70   0x000000c2   Code   RO         3433    i.PairGpioCheckDB   stm32_eval.o
    0x08001d32   0x08001d32   0x00000002   Code   RO            6    i.PendSV_Handler    stm32f10x_it.o
    0x08001d34   0x08001d34   0x00000018   Code   RO          310    i.RCC_APB1PeriphClockCmd  stm32f10x_rcc.o
    0x08001d4c   0x08001d4c   0x00000018   Code   RO          311    i.RCC_APB1PeriphResetCmd  stm32f10x_rcc.o
    0x08001d64   0x08001d64   0x00000018   Code   RO          312    i.RCC_APB2PeriphClockCmd  stm32f10x_rcc.o
    0x08001d7c   0x08001d7c   0x00000018   Code   RO          313    i.RCC_APB2PeriphResetCmd  stm32f10x_rcc.o
    0x08001d94   0x08001d94   0x000000a0   Code   RO          320    i.RCC_GetClocksFreq  stm32f10x_rcc.o
    0x08001e34   0x08001e34   0x00000074   Code   RO         4801    i.SHT20_init        lcd_oled.o
    0x08001ea8   0x08001ea8   0x000000b8   Code   RO         4802    i.SHT20_read_hum    lcd_oled.o
    0x08001f60   0x08001f60   0x000000b8   Code   RO         4803    i.SHT20_read_tem    lcd_oled.o
    0x08002018   0x08002018   0x00000014   Code   RO         4613    i.SPI_ChangeRate    port.o
    0x0800202c   0x0800202c   0x00000014   Code   RO          798    i.SPI_Cmd           stm32f10x_spi.o
    0x08002040   0x08002040   0x000000b0   Code   RO         4615    i.SPI_Configuration  port.o
    0x080020f0   0x080020f0   0x00000054   Code   RO          805    i.SPI_I2S_DeInit    stm32f10x_spi.o
    0x08002144   0x08002144   0x0000000e   Code   RO          806    i.SPI_I2S_GetFlagStatus  stm32f10x_spi.o
    0x08002152   0x08002152   0x00000038   Code   RO          811    i.SPI_Init          stm32f10x_spi.o
    0x0800218a   0x0800218a   0x00000014   Code   RO          813    i.SPI_SSOutputCmd   stm32f10x_spi.o
    0x0800219e   0x0800219e   0x00000002   PAD
    0x080021a0   0x080021a0   0x000000d4   Code   RO         3439    i.STM_EVAL_COMInit  stm32_eval.o
    0x08002274   0x08002274   0x00000002   Code   RO            7    i.SVC_Handler       stm32f10x_it.o
    0x08002276   0x08002276   0x00000002   PAD
    0x08002278   0x08002278   0x0000000c   Code   RO          156    i.Semaphore_Init    main.o
    0x08002284   0x08002284   0x000000a8   Code   RO         3385    i.SetSysClockTo72   system_stm32f10x.o
    0x0800232c   0x0800232c   0x00000044   Code   RO         4616    i.SysTick_Configuration  port.o
    0x08002370   0x08002370   0x00000010   Code   RO            8    i.SysTick_Handler   stm32f10x_it.o
    0x08002380   0x08002380   0x00000050   Code   RO         3387    i.SystemInit        system_stm32f10x.o
    0x080023d0   0x080023d0   0x00000028   Code   RO         3446    i.USART1_IRQHandler  stm32_eval.o
    0x080023f8   0x080023f8   0x00000006   Code   RO         1063    i.USART_ClearFlag   stm32f10x_usart.o
    0x080023fe   0x080023fe   0x00000014   Code   RO         1067    i.USART_Cmd         stm32f10x_usart.o
    0x08002412   0x08002412   0x0000000e   Code   RO         1070    i.USART_GetFlagStatus  stm32f10x_usart.o
    0x08002420   0x08002420   0x0000003e   Code   RO         1071    i.USART_GetITStatus  stm32f10x_usart.o
    0x0800245e   0x0800245e   0x00000030   Code   RO         1073    i.USART_ITConfig    stm32f10x_usart.o
    0x0800248e   0x0800248e   0x00000002   PAD
    0x08002490   0x08002490   0x000000ac   Code   RO         1074    i.USART_Init        stm32f10x_usart.o
    0x0800253c   0x0800253c   0x00000008   Code   RO         1081    i.USART_ReceiveData  stm32f10x_usart.o
    0x08002544   0x08002544   0x00000008   Code   RO         1084    i.USART_SendData    stm32f10x_usart.o
    0x0800254c   0x0800254c   0x00000018   Code   RO         4618    i.USART_puts        port.o
    0x08002564   0x08002564   0x00000002   Code   RO            9    i.UsageFault_Handler  stm32f10x_it.o
    0x08002566   0x08002566   0x00000002   PAD
    0x08002568   0x08002568   0x00000020   Code   RO         6274    i.__0printf         mc_w.l(printfa.o)
    0x08002588   0x08002588   0x00000028   Code   RO         6358    i.__ARM_fpclassify  m_ws.l(fpclassify.o)
    0x080025b0   0x080025b0   0x00000008   Code   RO         6389    i.__aeabi_errno_addr  mc_w.l(errno.o)
    0x080025b8   0x080025b8   0x000000aa   Code   RO         6360    i.__kernel_poly     m_ws.l(poly.o)
    0x08002662   0x08002662   0x00000002   PAD
    0x08002664   0x08002664   0x00000010   Code   RO         6344    i.__mathlib_dbl_divzero  m_ws.l(dunder.o)
    0x08002674   0x08002674   0x00000006   Code   RO         6345    i.__mathlib_dbl_infnan  m_ws.l(dunder.o)
    0x0800267a   0x0800267a   0x00000004   Code   RO         6346    i.__mathlib_dbl_infnan2  m_ws.l(dunder.o)
    0x0800267e   0x0800267e   0x0000000c   Code   RO         6347    i.__mathlib_dbl_invalid  m_ws.l(dunder.o)
    0x0800268a   0x0800268a   0x0000000e   Code   RO         6348    i.__mathlib_dbl_overflow  m_ws.l(dunder.o)
    0x08002698   0x08002698   0x00000010   Code   RO         6350    i.__mathlib_dbl_underflow  m_ws.l(dunder.o)
    0x080026a8   0x080026a8   0x0000000e   Code   RO         6443    i.__scatterload_copy  mc_w.l(handlers.o)
    0x080026b6   0x080026b6   0x00000002   Code   RO         6444    i.__scatterload_null  mc_w.l(handlers.o)
    0x080026b8   0x080026b8   0x0000000e   Code   RO         6445    i.__scatterload_zeroinit  mc_w.l(handlers.o)
    0x080026c6   0x080026c6   0x00000002   PAD
    0x080026c8   0x080026c8   0x0000000c   Code   RO         6391    i.__set_errno       mc_w.l(errno.o)
    0x080026d4   0x080026d4   0x00000030   Code   RO         4958    i._dwt_configlde    deca_device.o
    0x08002704   0x08002704   0x000000c2   Code   RO         4960    i._dwt_enableclocks  deca_device.o
    0x080027c6   0x080027c6   0x00000034   Code   RO         4961    i._dwt_loaducodefromrom  deca_device.o
    0x080027fa   0x080027fa   0x00000046   Code   RO         4963    i._dwt_otpread      deca_device.o
    0x08002840   0x08002840   0x00000184   Code   RO         6281    i._fp_digits        mc_w.l(printfa.o)
    0x080029c4   0x080029c4   0x000006b4   Code   RO         6282    i._printf_core      mc_w.l(printfa.o)
    0x08003078   0x08003078   0x00000024   Code   RO         6283    i._printf_post_padding  mc_w.l(printfa.o)
    0x0800309c   0x0800309c   0x0000002e   Code   RO         6284    i._printf_pre_padding  mc_w.l(printfa.o)
    0x080030ca   0x080030ca   0x00000002   PAD
    0x080030cc   0x080030cc   0x00000270   Code   RO         5984    i.asin              m_ws.l(asin.o)
    0x0800333c   0x0800333c   0x000000f4   Code   RO         3447    i.at_cmd_parse      stm32_eval.o
    0x08003430   0x08003430   0x0000006c   Code   RO         3448    i.at_cmd_recv       stm32_eval.o
    0x0800349c   0x0800349c   0x000001cc   Code   RO         3449    i.buo1DbGpio        stm32_eval.o
    0x08003668   0x08003668   0x00000098   Code   RO         3450    i.buo1Gpio          stm32_eval.o
    0x08003700   0x08003700   0x00000018   Code   RO         4525    i.deca_sleep        deca_sleep.o
    0x08003718   0x08003718   0x00000012   Code   RO         4497    i.decamutexoff      deca_mutex.o
    0x0800372a   0x0800372a   0x0000001a   Code   RO         4498    i.decamutexon       deca_mutex.o
    0x08003744   0x08003744   0x00000180   Code   RO         4804    i.drv_lis2dh12_get_angle  lcd_oled.o
    0x080038c4   0x080038c4   0x000000f8   Code   RO         4805    i.drv_lis2dh12_iic_read_byte  lcd_oled.o
    0x080039bc   0x080039bc   0x00000018   Code   RO         4806    i.drv_lis2dh12_iic_write_byte  lcd_oled.o
    0x080039d4   0x080039d4   0x00000046   Code   RO         4807    i.drv_lis2dh12_init  lcd_oled.o
    0x08003a1a   0x08003a1a   0x00000002   PAD
    0x08003a1c   0x08003a1c   0x00000218   Code   RO         4971    i.dwt_configure     deca_device.o
    0x08003c34   0x08003c34   0x0000001a   Code   RO         4977    i.dwt_enablegpioclocks  deca_device.o
    0x08003c4e   0x08003c4e   0x00000044   Code   RO         4978    i.dwt_enablegpioclocks1  deca_device.o
    0x08003c92   0x08003c92   0x00000024   Code   RO         4980    i.dwt_entersleepaftertx  deca_device.o
    0x08003cb6   0x08003cb6   0x00000002   PAD
    0x08003cb8   0x08003cb8   0x00000060   Code   RO         4981    i.dwt_forcetrxoff   deca_device.o
    0x08003d18   0x08003d18   0x00000014   Code   RO         4983    i.dwt_getgpiovalue  deca_device.o
    0x08003d2c   0x08003d2c   0x000000d8   Code   RO         5501    i.dwt_getrangebias  deca_range_tables.o
    0x08003e04   0x08003e04   0x000000d8   Code   RO         4986    i.dwt_initialise    deca_device.o
    0x08003edc   0x08003edc   0x00000026   Code   RO         4992    i.dwt_read16bitoffsetreg  deca_device.o
    0x08003f02   0x08003f02   0x00000026   Code   RO         4993    i.dwt_read32bitoffsetreg  deca_device.o
    0x08003f28   0x08003f28   0x00000008   Code   RO         4995    i.dwt_readdevid     deca_device.o
    0x08003f30   0x08003f30   0x0000003a   Code   RO         4998    i.dwt_readfromdevice  deca_device.o
    0x08003f6a   0x08003f6a   0x00000012   Code   RO         4999    i.dwt_readrxdata    deca_device.o
    0x08003f7c   0x08003f7c   0x0000000c   Code   RO         5000    i.dwt_readrxtimestamp  deca_device.o
    0x08003f88   0x08003f88   0x0000000c   Code   RO         5006    i.dwt_readtxtimestamp  deca_device.o
    0x08003f94   0x08003f94   0x00000050   Code   RO         5011    i.dwt_rxenable      deca_device.o
    0x08003fe4   0x08003fe4   0x00000022   Code   RO         5013    i.dwt_setGPIOdirection  deca_device.o
    0x08004006   0x08004006   0x00000022   Code   RO         5015    i.dwt_setGPIOvalue  deca_device.o
    0x08004028   0x08004028   0x000000b8   Code   RO         5023    i.dwt_setleds       deca_device.o
    0x080040e0   0x080040e0   0x00000022   Code   RO         5026    i.dwt_setrxaftertxdelay  deca_device.o
    0x08004102   0x08004102   0x0000000c   Code   RO         5027    i.dwt_setrxantennadelay  deca_device.o
    0x0800410e   0x0800410e   0x00000002   PAD
    0x08004110   0x08004110   0x00000058   Code   RO         5029    i.dwt_setrxtimeout  deca_device.o
    0x08004168   0x08004168   0x0000000a   Code   RO         5031    i.dwt_settxantennadelay  deca_device.o
    0x08004172   0x08004172   0x00000002   PAD
    0x08004174   0x08004174   0x00000094   Code   RO         5034    i.dwt_starttx       deca_device.o
    0x08004208   0x08004208   0x00000034   Code   RO         5035    i.dwt_syncrxbufptrs  deca_device.o
    0x0800423c   0x0800423c   0x0000001a   Code   RO         5036    i.dwt_write16bitoffsetreg  deca_device.o
    0x08004256   0x08004256   0x0000001e   Code   RO         5037    i.dwt_write32bitoffsetreg  deca_device.o
    0x08004274   0x08004274   0x0000003e   Code   RO         5038    i.dwt_writetodevice  deca_device.o
    0x080042b2   0x080042b2   0x00000022   Code   RO         5039    i.dwt_writetxdata   deca_device.o
    0x080042d4   0x080042d4   0x0000001c   Code   RO         5040    i.dwt_writetxfctrl  deca_device.o
    0x080042f0   0x080042f0   0x00000030   Code   RO         5041    i.dwt_xtaltrim      deca_device.o
    0x08004320   0x08004320   0x0000001a   Code   RO         5798    i.final_msg_get_ts  STM3210E-EVAL.lib(lib.o)
    0x0800433a   0x0800433a   0x00000002   PAD
    0x0800433c   0x0800433c   0x0000002c   Code   RO          163    i.fputc             main.o
    0x08004368   0x08004368   0x00000026   Code   RO         5799    i.get_rx_timestamp_u64  STM3210E-EVAL.lib(lib.o)
    0x0800438e   0x0800438e   0x00000026   Code   RO         5800    i.get_tx_timestamp_u64  STM3210E-EVAL.lib(lib.o)
    0x080043b4   0x080043b4   0x00000150   Code   RO         4809    i.hal_i2c1_read_data  lcd_oled.o
    0x08004504   0x08004504   0x00000032   Code   RO         4810    i.hal_i2c1_send_data  lcd_oled.o
    0x08004536   0x08004536   0x00000002   PAD
    0x08004538   0x08004538   0x000000ac   Code   RO         4811    i.hal_i2c1_send_data1  lcd_oled.o
    0x080045e4   0x080045e4   0x000003a8   Code   RO          164    i.main              main.o
    0x0800498c   0x0800498c   0x00000048   Code   RO         4624    i.peripherals_init  port.o
    0x080049d4   0x080049d4   0x0000000c   Code   RO         4625    i.portGetTickCnt    port.o
    0x080049e0   0x080049e0   0x000009d8   Code   RO         5994    i.pow               m_ws.l(pow.o)
    0x080053b8   0x080053b8   0x00000004   Code   RO         6014    i.putc              mc_w.l(putc.o)
    0x080053bc   0x080053bc   0x0000000c   Code   RO         6016    i.putchar           mc_w.l(putchar.o)
    0x080053c8   0x080053c8   0x0000007c   Code   RO         4542    i.readfromspi_serial  deca_spi.o
    0x08005444   0x08005444   0x0000004c   Code   RO         4626    i.reset_DW1000      port.o
    0x08005490   0x08005490   0x00000006   Code   RO         4628    i.spi_set_rate_high  port.o
    0x08005496   0x08005496   0x00000006   Code   RO         4629    i.spi_set_rate_low  port.o
    0x0800549c   0x0800549c   0x0000004c   Code   RO         6004    i.sqrt              m_ws.l(sqrt.o)
    0x080054e8   0x080054e8   0x0000001c   Code   RO         3453    i.string_split      stm32_eval.o
    0x08005504   0x08005504   0x00000024   Code   RO          165    i.usart0_init       main.o
    0x08005528   0x08005528   0x0000002a   Code   RO         4630    i.usartinit         port.o
    0x08005552   0x08005552   0x00000002   PAD
    0x08005554   0x08005554   0x00000064   Code   RO         4543    i.writetospi_serial  deca_spi.o
    0x080055b8   0x080055b8   0x00000006   Data   RO          169    .constdata          main.o
    0x080055be   0x080055be   0x00000002   PAD
    0x080055c0   0x080055c0   0x000000b0   Data   RO         3455    .constdata          stm32_eval.o
    0x08005670   0x08005670   0x000005f0   Data   RO         4814    .constdata          lcd_oled.o
    0x08005c60   0x08005c60   0x00000008   Data   RO         5480    .constdata          deca_params_init.o
    0x08005c68   0x08005c68   0x00000018   Data   RO         5481    .constdata          deca_params_init.o
    0x08005c80   0x08005c80   0x0000001e   Data   RO         5482    .constdata          deca_params_init.o
    0x08005c9e   0x08005c9e   0x00000002   Data   RO         5483    .constdata          deca_params_init.o
    0x08005ca0   0x08005ca0   0x00000008   Data   RO         5484    .constdata          deca_params_init.o
    0x08005ca8   0x08005ca8   0x00000003   Data   RO         5485    .constdata          deca_params_init.o
    0x08005cab   0x08005cab   0x00000001   PAD
    0x08005cac   0x08005cac   0x0000000c   Data   RO         5486    .constdata          deca_params_init.o
    0x08005cb8   0x08005cb8   0x00000004   Data   RO         5487    .constdata          deca_params_init.o
    0x08005cbc   0x08005cbc   0x00000020   Data   RO         5488    .constdata          deca_params_init.o
    0x08005cdc   0x08005cdc   0x00000032   Data   RO         5489    .constdata          deca_params_init.o
    0x08005d0e   0x08005d0e   0x0000020a   Data   RO         5502    .constdata          deca_range_tables.o
    0x08005f18   0x08005f18   0x00000050   Data   RO         5985    .constdata          m_ws.l(asin.o)
    0x08005f68   0x08005f68   0x00000088   Data   RO         5995    .constdata          m_ws.l(pow.o)
    0x08005ff0   0x08005ff0   0x00000008   Data   RO         6362    .constdata          m_ws.l(qnan.o)
    0x08005ff8   0x08005ff8   0x00000081   Data   RO         6410    .constdata          mc_w.l(ctype_o.o)
    0x08006079   0x08006079   0x00000003   PAD
    0x0800607c   0x0800607c   0x00000004   Data   RO         6411    .constdata          mc_w.l(ctype_o.o)
    0x08006080   0x08006080   0x00000077   Data   RO         3456    .conststring        stm32_eval.o
    0x080060f7   0x080060f7   0x00000001   PAD
    0x080060f8   0x080060f8   0x00000020   Data   RO         6441    Region$$Table       anon$$obj.o


    Execution Region RW_IRAM1 (Exec base: 0x20000000, Load base: 0x08006118, Size: 0x000010d8, Max: 0x00005000, ABSOLUTE, COMPRESSED[0x000001a0])

    Exec Addr    Load Addr    Size         Type   Attr      Idx    E Section Name        Object

    0x20000000   COMPRESSED   0x00000004   Data   RW           10    .data               stm32f10x_it.o
    0x20000004   COMPRESSED   0x00000004   PAD
    0x20000008   COMPRESSED   0x00000094   Data   RW          170    .data               main.o
    0x2000009c   COMPRESSED   0x00000014   Data   RW          340    .data               stm32f10x_rcc.o
    0x200000b0   COMPRESSED   0x00000014   Data   RW         3388    .data               system_stm32f10x.o
    0x200000c4   COMPRESSED   0x000000a8   Data   RW         3457    .data               stm32_eval.o
    0x2000016c   COMPRESSED   0x00000006   Data   RW         3458    .data               stm32_eval.o
    0x20000172   COMPRESSED   0x00000002   PAD
    0x20000174   COMPRESSED   0x000001c4   Data   RW         4815    .data               lcd_oled.o
    0x20000338   COMPRESSED   0x000000e5   Data   RW         5803    .data               STM3210E-EVAL.lib(lib.o)
    0x2000041d   COMPRESSED   0x00000003   PAD
    0x20000420   COMPRESSED   0x00000004   Data   RW         6018    .data               mc_w.l(stdout.o)
    0x20000424   COMPRESSED   0x00000004   Data   RW         6034    .data               mc_w.l(strtok.o)
    0x20000428   COMPRESSED   0x00000004   Data   RW         6392    .data               mc_w.l(errno.o)
    0x2000042c   COMPRESSED   0x00000004   PAD
    0x20000430        -       0x00000640   Zero   RW          166    .bss                main.o
    0x20000a70        -       0x00000200   Zero   RW         3454    .bss                stm32_eval.o
    0x20000c70        -       0x00000010   Zero   RW         4631    .bss                port.o
    0x20000c80        -       0x0000003c   Zero   RW         5042    .bss                deca_device.o
    0x20000cbc        -       0x00000018   Zero   RW         5802    .bss                STM3210E-EVAL.lib(lib.o)
    0x20000cd4   COMPRESSED   0x00000004   PAD
    0x20000cd8        -       0x00000400   Zero   RW         4490    STACK               startup_stm32f10x_hd.o


==============================================================================

Image component sizes


      Code (inc. data)   RO Data    RW Data    ZI Data      Debug   Object Name

         0          0          0          0          0         32   core_cm3.o
      2450         92          0          0         60      26700   deca_device.o
        44          0          0          0          0      19768   deca_mutex.o
         0          0        173          0          0       1829   deca_params_init.o
       216         16        522          0          0       2207   deca_range_tables.o
        24          0          0          0          0        549   deca_sleep.o
       224         20          0          0          0       5889   deca_spi.o
      2516        236       1520        452          0      14508   lcd_oled.o
      1060        308          6        148       1600     221472   main.o
       120         16          0          0          0       3531   misc.o
       914         74          0          0         16      23899   port.o
        36          8        304          0       1024        912   startup_stm32f10x_hd.o
      2362        544        295        174        512      44576   stm32_eval.o
       228         30          0          0          0      12255   stm32f10x_flash.o
       272          6          0          0          0      22114   stm32f10x_gpio.o
       426         16          0          0          0      17758   stm32f10x_i2c.o
        62         30          0          4          0      38284   stm32f10x_it.o
       256         44          0         20          0      14956   stm32f10x_rcc.o
       194         12          0          0          0      11428   stm32f10x_spi.o
       338          6          0          0          0      13487   stm32f10x_usart.o
       248         24          0         20          0       1829   system_stm32f10x.o

    ----------------------------------------------------------------------
     12024       1482       2856        824       3212     497983   Object Totals
         0          0         32          0          0          0   (incl. Generated)
        34          0          4          6          0          0   (incl. Padding)

    ----------------------------------------------------------------------

      Code (inc. data)   RO Data    RW Data    ZI Data      Debug   Library Member Name

       814         36          0        229         24      13846   lib.o
       624         52         80          0          0        168   asin.o
        68         10          0          0          0        408   dunder.o
        40          0          0          0          0         68   fpclassify.o
       170          0          0          0          0         96   poly.o
      2520        190        136          0          0        324   pow.o
         0          0          8          0          0          0   qnan.o
        76          0          0          0          0         84   sqrt.o
        86          0          0          0          0          0   __dczerorl2.o
        28          0          0          0          0         68   _chval.o
       158          0          0          0          0         92   _strtoul.o
        26          0          0          0          0         80   atoi.o
         8          4        133          0          0         68   ctype_o.o
         0          0          0          0          0          0   entry.o
         0          0          0          0          0          0   entry10a.o
         0          0          0          0          0          0   entry11a.o
         4          0          0          0          0          0   entry12b.o
         8          4          0          0          0          0   entry2.o
         4          0          0          0          0          0   entry5.o
         0          0          0          0          0          0   entry7b.o
         0          0          0          0          0          0   entry8b.o
         8          4          0          0          0          0   entry9a.o
        20         10          0          4          0        136   errno.o
        30          0          0          0          0          0   handlers.o
        36          8          0          0          0         68   init.o
         0          0          0          0          0          0   iusefp.o
        30          0          0          0          0         68   llshl.o
        36          0          0          0          0         68   llsshr.o
        32          0          0          0          0         68   llushr.o
        26          0          0          0          0         80   memcmp.o
        36          0          0          0          0        108   memseta.o
      2218         90          0          0          0        464   printfa.o
         4          0          0          0          0         68   putc.o
        12          6          0          0          0         68   putchar.o
         0          0          0          4          0          0   stdout.o
        14          0          0          0          0         68   strlen.o
        36          0          0          0          0         80   strstr.o
        68          6          0          4          0         80   strtok.o
       112          0          0          0          0         88   strtol.o
        44          0          0          0          0         80   uidiv.o
        98          0          0          0          0         92   uldiv.o
        48          0          0          0          0         68   cdrcmple.o
        20          0          0          0          0         68   cfrcmple.o
        56          0          0          0          0         88   d2f.o
       334          0          0          0          0        148   dadd.o
       222          0          0          0          0        100   ddiv.o
       186          0          0          0          0        176   depilogue.o
        62          0          0          0          0         80   dfixi.o
        74          0          0          0          0         80   dfixl.o
        48          0          0          0          0         68   dfixul.o
        34          0          0          0          0         76   dflti.o
        40          0          0          0          0         80   dfltl.o
        26          0          0          0          0         76   dfltui.o
       228          0          0          0          0         96   dmul.o
        46          0          0          0          0         80   dscalb.o
       162          0          0          0          0        100   dsqrt.o
        38          0          0          0          0         68   f2d.o
       176          0          0          0          0        140   fadd.o
       124          0          0          0          0         88   fdiv.o
       110          0          0          0          0        168   fepilogue.o
        50          0          0          0          0         68   ffixi.o
        18          0          0          0          0         68   fflti.o
        10          0          0          0          0         68   ffltui.o

    ----------------------------------------------------------------------
      9616        420        360        244         32      19038   Library Totals
        10          0          3          3          8          0   (incl. Padding)

    ----------------------------------------------------------------------

      Code (inc. data)   RO Data    RW Data    ZI Data      Debug   Library Name

       814         36          0        229         24      13846   STM3210E-EVAL.lib
      3498        252        224          0          0       1148   m_ws.l
      3182        132        133         12          0       1992   mc_w.l
      2112          0          0          0          0       2052   mf_w.l

    ----------------------------------------------------------------------
      9616        420        360        244         32      19038   Library Totals

    ----------------------------------------------------------------------

==============================================================================


      Code (inc. data)   RO Data    RW Data    ZI Data      Debug   

     21640       1902       3216       1068       3244     506437   Grand Totals
     21640       1902       3216        416       3244     506437   ELF Image Totals (compressed)
     21640       1902       3216        416          0          0   ROM Totals

==============================================================================

    Total RO  Size (Code + RO Data)                24856 (  24.27kB)
    Total RW  Size (RW Data + ZI Data)              4312 (   4.21kB)
    Total ROM Size (Code + RO Data + RW Data)      25272 (  24.68kB)

==============================================================================

