<html>
<body>
<pre>
<h1>µVision Build Log</h1>
<h2>Tool Versions:</h2>
IDE-Version: µVision V5.42.0.0
Copyright (C) 2025 ARM Ltd and ARM Germany GmbH. All rights reserved.
License Information: Huy Pham, A, LIC=----
 
Tool Versions:
Toolchain:       MDK-Lite  Version: 5.42.0.0
Toolchain Path:  C:\Users\phamquanghuy\AppData\Local\Keil_v5\ARM\ARMcc\Bin
C Compiler:      Armcc.exe V5.06 update 7 (build 960)
Assembler:       Armasm.exe V5.06 update 7 (build 960)
Linker/Locator:  ArmLink.exe V5.06 update 7 (build 960)
Library Manager: ArmAr.exe V5.06 update 7 (build 960)
Hex Converter:   FromElf.exe V5.06 update 7 (build 960)
CPU DLL:         SARMCM3.DLL V5.42.0.0
Dialog DLL:      DCM.DLL V1.17.5.0
Target DLL:      Segger\JL2CM3.dll V2.99.45.0
Dialog DLL:      TCM.DLL V1.56.6.0
 
<h2>Project:</h2>
\\Mac\Home\Downloads\firmware\SDK\Project\ds_twr_init\MDK-ARM\Project.uvprojx
Project File Date:  03/14/2025

<h2>Output:</h2>
*** Using Compiler 'V5.06 update 7 (build 960)', folder: 'C:\Users\phamquanghuy\AppData\Local\Keil_v5\ARM\ARMcc\Bin'
Build target 'ds_twr_init'
compiling main.c...
..\main.c(94): warning:  #177-D: variable "buff"  was declared but never referenced
      uint8 buff[5];
..\main.c(96): warning:  #550-D: variable "cnt"  was set but never used
      int cnt ;
..\main.c(488): warning:  #223-D: function "FLASH_ReadMoreData" declared implicitly
  	FLASH_ReadMoreData(USER_FLASH_BASE,buff,3);
..\main.c(506): warning:  #186-D: pointless comparison of unsigned integer with zero
  	if(buff[1]>=0 && buff[1]<=255)
..\main.c(531): warning:  #186-D: pointless comparison of unsigned integer with zero
  	if(buff[1]>=0 && buff[1]<=255)
..\main.c(420): warning:  #177-D: variable "anthor_index"  was declared but never referenced
      uint8 anthor_index = 0;
..\main.c(421): warning:  #177-D: variable "tag_index"  was declared but never referenced
      uint8 tag_index = 0;
..\main.c(424): warning:  #550-D: variable "Waiting_TAG_Release_Semaphore"  was set but never used
      uint8 Waiting_TAG_Release_Semaphore = 0;
..\main.c(483): warning:  #177-D: variable "rx_ant_delay"  was declared but never referenced
      int rx_ant_delay =32880;
..\main.c(484): warning:  #177-D: variable "index"  was declared but never referenced
      int index = 0 ;
..\main.c(989): warning:  #177-D: function "compute_angle_send_to_anthor0"  was declared but never referenced
  static void compute_angle_send_to_anthor0(int distance1, int distance2,int distance3)
..\main.c: 11 warnings, 0 errors
linking...
Program Size: Code=21640 RO-data=3216 RW-data=1068 ZI-data=3244  
FromELF: creating hex file...
".\STM3210E-EVAL\STM3210E-EVAL.axf" - 0 Error(s), 11 Warning(s).

<h2>Software Packages used:</h2>

Package Vendor: ARM
                https://www.keil.com/pack/ARM.CMSIS.6.1.0.pack
                ARM::CMSIS@6.1.0
                CMSIS (Common Microcontroller Software Interface Standard)
   * Component: CORE Version: 6.1.0

Package Vendor: Keil
                https://www.keil.com/pack/Keil.STM32F1xx_DFP.2.4.1.pack
                Keil::STM32F1xx_DFP@2.4.1
                STMicroelectronics STM32F1 Series Device Support, Drivers and Examples

<h2>Collection of Component include folders:</h2>
  ./RTE/_ds_twr_init
  C:/Users/phamquanghuy/AppData/Local/Arm/Packs/ARM/CMSIS/6.1.0/CMSIS/Core/Include
  C:/Users/phamquanghuy/AppData/Local/Arm/Packs/Keil/STM32F1xx_DFP/2.4.1/Device/Include

<h2>Collection of Component Files used:</h2>

   * Component: ARM::CMSIS:CORE@6.1.0
Build Time Elapsed:  00:00:02
</pre>
</body>
</html>
